Archive member included to satisfy reference by file (symbol)

c:/program files/microchip/xc8/v2.31/avr/bin/../lib/gcc/avr/5.4.0/../../../../avr/lib/avrxmega3\libm.a(addsf3.o)
                              build/default/production/mcc_generated_files/application_manager.o (__subsf3)
c:/program files/microchip/xc8/v2.31/avr/bin/../lib/gcc/avr/5.4.0/../../../../avr/lib/avrxmega3\libm.a(addsf3x.o)
                              c:/program files/microchip/xc8/v2.31/avr/bin/../lib/gcc/avr/5.4.0/../../../../avr/lib/avrxmega3\libm.a(addsf3.o) (__addsf3x)
c:/program files/microchip/xc8/v2.31/avr/bin/../lib/gcc/avr/5.4.0/../../../../avr/lib/avrxmega3\libm.a(cmpsf2.o)
                              build/default/production/mcc_generated_files/application_manager.o (__ltsf2)
c:/program files/microchip/xc8/v2.31/avr/bin/../lib/gcc/avr/5.4.0/../../../../avr/lib/avrxmega3\libm.a(fixsfsi.o)
                              build/default/production/mcc_generated_files/application_manager.o (__fixsfsi)
c:/program files/microchip/xc8/v2.31/avr/bin/../lib/gcc/avr/5.4.0/../../../../avr/lib/avrxmega3\libm.a(fixunssfsi.o)
                              c:/program files/microchip/xc8/v2.31/avr/bin/../lib/gcc/avr/5.4.0/../../../../avr/lib/avrxmega3\libm.a(fixsfsi.o) (__fixunssfsi)
c:/program files/microchip/xc8/v2.31/avr/bin/../lib/gcc/avr/5.4.0/../../../../avr/lib/avrxmega3\libm.a(floatsisf.o)
                              build/default/production/mcc_generated_files/application_manager.o (__floatsisf)
c:/program files/microchip/xc8/v2.31/avr/bin/../lib/gcc/avr/5.4.0/../../../../avr/lib/avrxmega3\libm.a(fp_cmp.o)
                              c:/program files/microchip/xc8/v2.31/avr/bin/../lib/gcc/avr/5.4.0/../../../../avr/lib/avrxmega3\libm.a(cmpsf2.o) (__fp_cmp)
c:/program files/microchip/xc8/v2.31/avr/bin/../lib/gcc/avr/5.4.0/../../../../avr/lib/avrxmega3\libm.a(fp_inf.o)
                              c:/program files/microchip/xc8/v2.31/avr/bin/../lib/gcc/avr/5.4.0/../../../../avr/lib/avrxmega3\libm.a(addsf3x.o) (__fp_inf)
c:/program files/microchip/xc8/v2.31/avr/bin/../lib/gcc/avr/5.4.0/../../../../avr/lib/avrxmega3\libm.a(fp_nan.o)
                              c:/program files/microchip/xc8/v2.31/avr/bin/../lib/gcc/avr/5.4.0/../../../../avr/lib/avrxmega3\libm.a(addsf3x.o) (__fp_nan)
c:/program files/microchip/xc8/v2.31/avr/bin/../lib/gcc/avr/5.4.0/../../../../avr/lib/avrxmega3\libm.a(fp_pscA.o)
                              c:/program files/microchip/xc8/v2.31/avr/bin/../lib/gcc/avr/5.4.0/../../../../avr/lib/avrxmega3\libm.a(addsf3x.o) (__fp_pscA)
c:/program files/microchip/xc8/v2.31/avr/bin/../lib/gcc/avr/5.4.0/../../../../avr/lib/avrxmega3\libm.a(fp_pscB.o)
                              c:/program files/microchip/xc8/v2.31/avr/bin/../lib/gcc/avr/5.4.0/../../../../avr/lib/avrxmega3\libm.a(addsf3x.o) (__fp_pscB)
c:/program files/microchip/xc8/v2.31/avr/bin/../lib/gcc/avr/5.4.0/../../../../avr/lib/avrxmega3\libm.a(fp_round.o)
                              c:/program files/microchip/xc8/v2.31/avr/bin/../lib/gcc/avr/5.4.0/../../../../avr/lib/avrxmega3\libm.a(addsf3.o) (__fp_round)
c:/program files/microchip/xc8/v2.31/avr/bin/../lib/gcc/avr/5.4.0/../../../../avr/lib/avrxmega3\libm.a(fp_split3.o)
                              c:/program files/microchip/xc8/v2.31/avr/bin/../lib/gcc/avr/5.4.0/../../../../avr/lib/avrxmega3\libm.a(addsf3x.o) (__fp_split3)
c:/program files/microchip/xc8/v2.31/avr/bin/../lib/gcc/avr/5.4.0/../../../../avr/lib/avrxmega3\libm.a(fp_zero.o)
                              c:/program files/microchip/xc8/v2.31/avr/bin/../lib/gcc/avr/5.4.0/../../../../avr/lib/avrxmega3\libm.a(addsf3x.o) (__fp_zero)
c:/program files/microchip/xc8/v2.31/avr/bin/../lib/gcc/avr/5.4.0/../../../../avr/lib/avrxmega3\libm.a(gesf2.o)
                              build/default/production/mcc_generated_files/application_manager.o (__gesf2)
c:/program files/microchip/xc8/v2.31/avr/bin/../lib/gcc/avr/5.4.0/../../../../avr/lib/avrxmega3\libm.a(mulsf3.o)
                              build/default/production/mcc_generated_files/application_manager.o (__mulsf3)
c:/program files/microchip/xc8/v2.31/avr/bin/../lib/gcc/avr/5.4.0/../../../../avr/lib/avrxmega3\libm.a(mulsf3x.o)
                              c:/program files/microchip/xc8/v2.31/avr/bin/../lib/gcc/avr/5.4.0/../../../../avr/lib/avrxmega3\libm.a(mulsf3.o) (__mulsf3x)
c:/program files/microchip/xc8/v2.31/avr/bin/../lib/gcc/avr/5.4.0/avrxmega3\libgcc.a(_udivmodhi4.o)
                              build/default/production/mcc_generated_files/CryptoAuthenticationLibrary/atcacert/atcacert_def.o (__udivmodhi4)
c:/program files/microchip/xc8/v2.31/avr/bin/../lib/gcc/avr/5.4.0/avrxmega3\libgcc.a(_divmodhi4.o)
                              build/default/production/mcc_generated_files/CryptoAuthenticationLibrary/atcacert/atcacert_date.o (__divmodhi4)
c:/program files/microchip/xc8/v2.31/avr/bin/../lib/gcc/avr/5.4.0/avrxmega3\libgcc.a(_udivmodsi4.o)
[...]
Memory Configuration

Name             Origin             Length             Attributes
text             0x0000000000000000 0x000000000000c000 xr
data             0x0000000000802800 0x0000000000001800 rw !x
eeprom           0x0000000000810000 0x0000000000000100 rw !x
fuse             0x0000000000820000 0x000000000000000a rw !x
lock             0x0000000000830000 0x0000000000000400 rw !x
signature        0x0000000000840000 0x0000000000000400 rw !x
user_signatures  0x0000000000850000 0x0000000000000400 rw !x
*default*        0x0000000000000000 0xffffffffffffffff

Linker script and memory map

Address of section .data set to 0x802800
                0x0000000000004000                __RODATA_PM_OFFSET__ = 0x4000
LOAD C:/Program Files/Microchip/MPLABX/v5.45/packs/Microchip/ATmega_DFP/2.2.108/xc8/avr/lib/avrxmega3/crtatmega4808.o
                0x0000000000000001                __MPLAB_BUILD = 0x1
LOAD build/default/production/mcc_generated_files/cli/cli.o
LOAD build/default/production/mcc_generated_files/cloud/crypto_client/crypto_client.o
LOAD build/default/production/mcc_generated_files/cloud/cloud_service.o
LOAD build/default/production/mcc_generated_files/cloud/wifi_service.o
LOAD build/default/production/mcc_generated_files/cloud/mqtt_service.o
LOAD build/default/production/mcc_generated_files/cloud/aws_cloud_service.o
LOAD build/default/production/mcc_generated_files/credentials_storage/credentials_storage.o
LOAD build/default/production/mcc_generated_files/CryptoAuthenticationLibrary/atcacert/atcacert_host_sw.o
LOAD build/default/production/mcc_generated_files/CryptoAuthenticationLibrary/atcacert/atcacert_date.o
LOAD build/default/production/mcc_generated_files/CryptoAuthenticationLibrary/atcacert/atcacert_pem.o
LOAD build/default/production/mcc_generated_files/CryptoAuthenticationLibrary/atcacert/atcacert_der.o
LOAD build/default/production/mcc_generated_files/CryptoAuthenticationLibrary/atcacert/atcacert_client.o
LOAD build/default/production/mcc_generated_files/CryptoAuthenticationLibrary/atcacert/atcacert_def.o
LOAD build/default/production/mcc_generated_files/CryptoAuthenticationLibrary/atcacert/atcacert_host_hw.o
LOAD build/default/production/mcc_generated_files/CryptoAuthenticationLibrary/basic/atca_basic_aes_ctr.o
LOAD build/default/production/mcc_generated_files/CryptoAuthenticationLibrary/basic/atca_basic_mac.o
LOAD build/default/production/mcc_generated_files/CryptoAuthenticationLibrary/basic/atca_basic_aes_cmac.o
LOAD build/default/production/mcc_generated_files/CryptoAuthenticationLibrary/basic/atca_helpers.o
LOAD build/default/production/mcc_generated_files/CryptoAuthenticationLibrary/basic/atca_basic_aes.o
LOAD build/default/production/mcc_generated_files/CryptoAuthenticationLibrary/basic/atca_basic_info.o
LOAD build/default/production/mcc_generated_files/CryptoAuthenticationLibrary/basic/atca_basic_sha.o
LOAD build/default/production/mcc_generated_files/CryptoAuthenticationLibrary/basic/atca_basic_sign.o
LOAD build/default/production/mcc_generated_files/CryptoAuthenticationLibrary/basic/atca_basic_secureboot.o
LOAD build/default/production/mcc_generated_files/CryptoAuthenticationLibrary/basic/atca_basic.o
LOAD build/default/production/mcc_generated_files/CryptoAuthenticationLibrary/basic/atca_basic_aes_gcm.o
LOAD build/default/production/mcc_generated_files/CryptoAuthenticationLibrary/basic/atca_basic_lock.o
LOAD build/default/production/mcc_generated_files/CryptoAuthenticationLibrary/basic/atca_basic_ecdh.o
LOAD build/default/production/mcc_generated_files/CryptoAuthenticationLibrary/basic/atca_basic_checkmac.o
LOAD build/default/production/mcc_generated_files/CryptoAuthenticationLibrary/basic/atca_basic_write.o
LOAD build/default/production/mcc_generated_files/CryptoAuthenticationLibrary/basic/atca_basic_selftest.o
LOAD build/default/production/mcc_generated_files/CryptoAuthenticationLibrary/basic/atca_basic_counter.o
LOAD build/default/production/mcc_generated_files/CryptoAuthenticationLibrary/basic/atca_basic_aes_cbc.o
LOAD build/default/production/mcc_generated_files/CryptoAuthenticationLibrary/basic/atca_basic_verify.o
LOAD build/default/production/mcc_generated_files/CryptoAuthenticationLibrary/basic/atca_basic_gendig.o
LOAD build/default/production/mcc_generated_files/CryptoAuthenticationLibrary/basic/atca_basic_genkey.o
LOAD build/default/production/mcc_generated_files/CryptoAuthenticationLibrary/basic/atca_basic_kdf.o
LOAD build/default/production/mcc_generated_files/CryptoAuthenticationLibrary/basic/atca_basic_hmac.o
LOAD build/default/production/mcc_generated_files/CryptoAuthenticationLibrary/basic/atca_basic_nonce.o
LOAD build/default/production/mcc_generated_files/CryptoAuthenticationLibrary/basic/atca_basic_read.o
LOAD build/default/production/mcc_generated_files/CryptoAuthenticationLibrary/basic/atca_basic_updateextra.o
LOAD build/default/production/mcc_generated_files/CryptoAuthenticationLibrary/basic/atca_basic_derivekey.o
LOAD build/default/production/mcc_generated_files/CryptoAuthenticationLibrary/basic/atca_basic_privwrite.o
LOAD build/default/production/mcc_generated_files/CryptoAuthenticationLibrary/basic/atca_basic_random.o
LOAD build/default/production/mcc_generated_files/CryptoAuthenticationLibrary/crypto/hashes/sha2_routines.o
LOAD build/default/production/mcc_generated_files/CryptoAuthenticationLibrary/crypto/hashes/sha1_routines.o
LOAD build/default/production/mcc_generated_files/CryptoAuthenticationLibrary/crypto/atca_crypto_sw_sha1.o
LOAD build/default/production/mcc_generated_files/CryptoAuthenticationLibrary/crypto/atca_crypto_sw_rand.o
LOAD build/default/production/mcc_generated_files/CryptoAuthenticationLibrary/crypto/atca_crypto_sw_sha2.o
LOAD build/default/production/mcc_generated_files/CryptoAuthenticationLibrary/crypto/atca_crypto_sw_ecdsa.o
LOAD build/default/production/mcc_generated_files/CryptoAuthenticationLibrary/hal/hal_i2c_timer.o
LOAD build/default/production/mcc_generated_files/CryptoAuthenticationLibrary/hal/atca_i2c_hal.o
LOAD build/default/production/mcc_generated_files/CryptoAuthenticationLibrary/hal/atca_hal.o
LOAD build/default/production/mcc_generated_files/CryptoAuthenticationLibrary/host/atca_host.o
LOAD build/default/production/mcc_generated_files/CryptoAuthenticationLibrary/jwt/atca_jwt.o
LOAD build/default/production/mcc_generated_files/CryptoAuthenticationLibrary/atca_command.o
LOAD build/default/production/mcc_generated_files/CryptoAuthenticationLibrary/atca_cfgs.o
LOAD build/default/production/mcc_generated_files/CryptoAuthenticationLibrary/atca_device.o
LOAD build/default/production/mcc_generated_files/CryptoAuthenticationLibrary/atca_execution.o
LOAD build/default/production/mcc_generated_files/CryptoAuthenticationLibrary/atca_iface.o
LOAD build/default/production/mcc_generated_files/drivers/timeout.o
LOAD build/default/production/mcc_generated_files/drivers/uart.o
LOAD build/default/production/mcc_generated_files/drivers/spi_master.o
LOAD build/default/production/mcc_generated_files/drivers/i2c_simple_master.o
LOAD build/default/production/mcc_generated_files/examples/winc_example.o
LOAD build/default/production/mcc_generated_files/examples/twi0_master_example.o
LOAD build/default/production/mcc_generated_files/mqtt/mqtt_comm_bsd/mqtt_comm_layer.o
LOAD build/default/production/mcc_generated_files/mqtt/mqtt_core/mqtt_core.o
LOAD build/default/production/mcc_generated_files/mqtt/mqtt_exchange_buffer/mqtt_exchange_buffer.o
LOAD build/default/production/mcc_generated_files/mqtt/mqtt_winc_adapter.o
LOAD build/default/production/mcc_generated_files/mqtt/mqtt_packetTransfer_interface.o
LOAD build/default/production/mcc_generated_files/src/protected_io.o
LOAD build/default/production/mcc_generated_files/src/twi0_master.o
LOAD build/default/production/mcc_generated_files/src/adc0.o
LOAD build/default/production/mcc_generated_files/src/usart2.o
LOAD build/default/production/mcc_generated_files/src/cpuint.o
LOAD build/default/production/mcc_generated_files/src/pin_manager.o
LOAD build/default/production/mcc_generated_files/src/rtc.o
LOAD build/default/production/mcc_generated_files/src/spi0.o
LOAD build/default/production/mcc_generated_files/winc/driver/winc_asic.o
LOAD build/default/production/mcc_generated_files/winc/driver/winc_hif.o
LOAD build/default/production/mcc_generated_files/winc/driver/winc_spi.o
LOAD build/default/production/mcc_generated_files/winc/driver/winc_adapter.o
LOAD build/default/production/mcc_generated_files/winc/driver/winc_drv.o
LOAD build/default/production/mcc_generated_files/winc/m2m/m2m_crypto.o
LOAD build/default/production/mcc_generated_files/winc/m2m/m2m_fwinfo.o
LOAD build/default/production/mcc_generated_files/winc/m2m/m2m_ssl.o
LOAD build/default/production/mcc_generated_files/winc/m2m/m2m_periph.o
LOAD build/default/production/mcc_generated_files/winc/m2m/m2m_wifi.o
LOAD build/default/production/mcc_generated_files/winc/m2m/m2m_ota.o
LOAD build/default/production/mcc_generated_files/winc/socket/socket.o
LOAD build/default/production/mcc_generated_files/winc/spi_flash/flexible_flash.o
LOAD build/default/production/mcc_generated_files/winc/spi_flash/spi_flash.o
LOAD build/default/production/mcc_generated_files/device_config.o
LOAD build/default/production/mcc_generated_files/debug_print.o
LOAD build/default/production/mcc_generated_files/application_manager.o
LOAD build/default/production/mcc_generated_files/led.o
LOAD build/default/production/mcc_generated_files/delay.o
LOAD build/default/production/mcc_generated_files/mcc.o
LOAD build/default/production/mcc_generated_files/CryptoAuth_init.o
LOAD build/default/production/mcc_generated_files/time_service.o
LOAD build/default/production/mcc_generated_files/sensors_handling.o
LOAD build/default/production/main.o
LOAD build/default/production/mcc_generated_files/src/usart1.o
START GROUP
LOAD c:/program files/microchip/xc8/v2.31/avr/bin/../lib/gcc/avr/5.4.0/../../../../avr/lib/avrxmega3\libm.a
END GROUP
START GROUP
LOAD c:/program files/microchip/xc8/v2.31/avr/bin/../lib/gcc/avr/5.4.0/avrxmega3\libgcc.a
LOAD c:/program files/microchip/xc8/v2.31/avr/bin/../lib/gcc/avr/5.4.0/../../../../avr/lib/avrxmega3\libm.a
LOAD c:/program files/microchip/xc8/v2.31/avr/bin/../lib/gcc/avr/5.4.0/../../../../avr/lib/avrxmega3\libc.a
LOAD C:/Program Files/Microchip/MPLABX/v5.45/packs/Microchip/ATmega_DFP/2.2.108/xc8/avr/lib/avrxmega3\libatmega4808.a
END GROUP
                [0x0000000000000000]                __TEXT_REGION_ORIGIN__ = DEFINED (__TEXT_REGION_ORIGIN__)?__TEXT_REGION_ORIGIN__:0x0
                [0x0000000000802800]                __DATA_REGION_ORIGIN__ = DEFINED (__DATA_REGION_ORIGIN__)?__DATA_REGION_ORIGIN__:0x802000
                [0x000000000000c000]                __TEXT_REGION_LENGTH__ = DEFINED (__TEXT_REGION_LENGTH__)?__TEXT_REGION_LENGTH__:0x100000
                [0x0000000000001800]                __DATA_REGION_LENGTH__ = DEFINED (__DATA_REGION_LENGTH__)?__DATA_REGION_LENGTH__:0xffa0
                [0x0000000000000100]                __EEPROM_REGION_LENGTH__ = DEFINED (__EEPROM_REGION_LENGTH__)?__EEPROM_REGION_LENGTH__:0x10000
                [0x000000000000000a]                __FUSE_REGION_LENGTH__ = DEFINED (__FUSE_REGION_LENGTH__)?__FUSE_REGION_LENGTH__:0x400
                0x0000000000000400                __LOCK_REGION_LENGTH__ = DEFINED (__LOCK_REGION_LENGTH__)?__LOCK_REGION_LENGTH__:0x400
                0x0000000000000400                __SIGNATURE_REGION_LENGTH__ = DEFINED (__SIGNATURE_REGION_LENGTH__)?__SIGNATURE_REGION_LENGTH__:0x400
                0x0000000000000400                __USER_SIGNATURE_REGION_LENGTH__ = DEFINED (__USER_SIGNATURE_REGION_LENGTH__)?__USER_SIGNATURE_REGION_LENGTH__:0x400
                0x0000000000008000                __RODATA_PM_OFFSET__ = DEFINED (__RODATA_PM_OFFSET__)?__RODATA_PM_OFFSET__:0x8000

.hash
 *(.hash)

.dynsym
 *(.dynsym)

.dynstr
 *(.dynstr)

.gnu.version
 *(.gnu.version)

.gnu.version_d
 *(.gnu.version_d)

.gnu.version_r
 *(.gnu.version_r)

.rel.init
 *(.rel.init)

.rela.init
 *(.rela.init)

.rel.text
 *(.rel.text)
 *(.rel.text.*)
 *(.rel.gnu.linkonce.t*)

.rela.text
 *(.rela.text)
 *(.rela.text.*)
 *(.rela.gnu.linkonce.t*)

.rel.fini
 *(.rel.fini)

.rela.fini
 *(.rela.fini)

.rel.rodata
 *(.rel.rodata)
 *(.rel.rodata.*)
 *(.rel.gnu.linkonce.r*)

.rela.rodata
 *(.rela.rodata)
 *(.rela.rodata.*)
 *(.rela.gnu.linkonce.r*)

.rel.data
 *(.rel.data)
 *(.rel.data.*)
 *(.rel.gnu.linkonce.d*)

.rela.data
 *(.rela.data)
 *(.rela.data.*)
 *(.rela.gnu.linkonce.d*)

.rel.ctors
 *(.rel.ctors)

.rela.ctors
 *(.rela.ctors)

.rel.dtors
 *(.rel.dtors)

.rela.dtors
 *(.rela.dtors)

.rel.got
 *(.rel.got)

.rela.got
 *(.rela.got)

.rel.bss
 *(.rel.bss)

.rela.bss
 *(.rela.bss)

.rel.plt
 *(.rel.plt)

.rela.plt
 *(.rela.plt)

.text           0x0000000000000000      0x186
 *(.vectors)
 .vectors       0x0000000000000000       0x90 C:/Program Files/Microchip/MPLABX/v5.45/packs/Microchip/ATmega_DFP/2.2.108/xc8/avr/lib/avrxmega3/crtatmega4808.o
                0x0000000000000000                __vector_default
                0x0000000000000000                __vectors
 *(.vectors)
 *(.progmem.gcc*)
 *(.dinit)
 .dinit         0x0000000000000090       0xa1 data_init
                0x0000000000000132                . = ALIGN (0x2)
 *fill*         0x0000000000000131        0x1 
                0x0000000000000132                __trampolines_start = .
 *(.trampolines)
 .trampolines   0x0000000000000132        0x0 linker stubs
 *(.trampolines*)
                0x0000000000000132                __trampolines_end = .
 *libprintf_flt.a:*(.progmem.data)
 *libc.a:*(.progmem.data)
                0x0000000000000132                . = ALIGN (0x2)
 *(.jumptables)
 *(.jumptables*)
 *(.lowtext)
 *(.lowtext*)
                0x0000000000000132                __ctors_start = .
 *(.ctors)
                0x0000000000000132                __ctors_end = .
                0x0000000000000132                __dtors_start = .
 *(.dtors)
                0x0000000000000132                __dtors_end = .
 SORT(*)(.ctors)
 SORT(*)(.dtors)
 *(.init0)
 .init0         0x0000000000000132        0x0 C:/Program Files/Microchip/MPLABX/v5.45/packs/Microchip/ATmega_DFP/2.2.108/xc8/avr/lib/avrxmega3/crtatmega4808.o
                0x0000000000000132                __init
 *(.init0)
 *(.init1)
 *(.init1)
 *(.init2)
 .init2         0x0000000000000132        0xc C:/Program Files/Microchip/MPLABX/v5.45/packs/Microchip/ATmega_DFP/2.2.108/xc8/avr/lib/avrxmega3/crtatmega4808.o
 *(.init2)
 *(.init3)
 *(.init3)
 *(.init4)
 .init4         0x000000000000013e       0x3c c:/program files/microchip/xc8/v2.31/avr/bin/../lib/gcc/avr/5.4.0/avrxmega3\libgcc.a(_copy_data.o)
                0x000000000000013e                __do_copy_data
                0x000000000000016c                __do_clear_bss
 *(.init4)
 *(.init5)
 *(.init5)
 *(.init6)
 *(.init6)
 *(.init7)
 *(.init7)
 *(.init8)
 *(.init8)
 *(.init9)
 .init9         0x000000000000017a        0x8 C:/Program Files/Microchip/MPLABX/v5.45/packs/Microchip/ATmega_DFP/2.2.108/xc8/avr/lib/avrxmega3/crtatmega4808.o
 *(.init9)
                0x0000000000000182                . = ALIGN (0x2)
 *(.fini9)
 .fini9         0x0000000000000182        0x0 c:/program files/microchip/xc8/v2.31/avr/bin/../lib/gcc/avr/5.4.0/avrxmega3\libgcc.a(_exit.o)
                0x0000000000000182                _exit
                0x0000000000000182                exit
 *(.fini9)
 *(.fini8)
 *(.fini8)
 *(.fini7)
 *(.fini7)
 *(.fini6)
 *(.fini6)
 *(.fini5)
 *(.fini5)
 *(.fini4)
 *(.fini4)
 *(.fini3)
 *(.fini3)
 *(.fini2)
 *(.fini2)
 *(.fini1)
 *(.fini1)
 *(.fini0)
 .fini0         0x0000000000000182        0x4 c:/program files/microchip/xc8/v2.31/avr/bin/../lib/gcc/avr/5.4.0/avrxmega3\libgcc.a(_exit.o)
 *(.fini0)
                0x0000000000000186                _etext = .

.data           0x0000000000802800        0x0 load address 0x0000000000000186
                [!provide]                        PROVIDE (__data_start, .)
 *(.gnu.linkonce.d*)
                0x0000000000802800                . = ALIGN (0x2)
                0x0000000000802800                _edata = .
                [!provide]                        PROVIDE (__data_end, .)

.bss            0x0000000000802800      0x5aa
                [!provide]                        PROVIDE (__bss_start, .)
 *(COMMON)
 COMMON         0x0000000000802800        0x9 build/default/production/mcc_generated_files/cloud/crypto_client/crypto_client.o
                0x0000000000802800                g_serial_number
 COMMON         0x0000000000802809       0x10 build/default/production/mcc_generated_files/cloud/cloud_service.o
                0x0000000000802809                cloudStatus
                0x000000000080280a                mqttBrokerIP
                0x000000000080280e                shared_networking_params
                0x000000000080280f                cloud_packetReceiveCallBackTable
 COMMON         0x0000000000802819        0x2 build/default/production/mcc_generated_files/cloud/wifi_service.o
                0x0000000000802819                callback_funcPtr
 COMMON         0x000000000080281b       0x5d build/default/production/mcc_generated_files/cloud/mqtt_service.o
                0x000000000080281b                awsEndpoint
                0x000000000080284f                cid
 COMMON         0x0000000000802878        0x4 build/default/production/mcc_generated_files/cloud/aws_cloud_service.o
                0x0000000000802878                imqtt_publishReceiveCallBackTable
 COMMON         0x000000000080287c       0x78 build/default/production/mcc_generated_files/credentials_storage/credentials_storage.o
                0x000000000080287c                ssid
                0x000000000080289d                pass
                0x00000000008028de                ntpServerName
                0x00000000008028f2                authType
 COMMON         0x00000000008028f4       0x1b build/default/production/mcc_generated_files/CryptoAuthenticationLibrary/basic/atca_basic.o
                0x00000000008028f4                g_atcab_device
                0x00000000008028f8                g_atcab_iface
                0x000000000080290b                g_atcab_command
 COMMON         0x000000000080290f        0xa build/default/production/mcc_generated_files/drivers/timeout.o
                0x000000000080290f                dummy
 COMMON         0x0000000000802919        0x2 build/default/production/mcc_generated_files/mqtt/mqtt_packetTransfer_interface.o
                0x0000000000802919                publishRecvCallback
 COMMON         0x000000000080291b      0x465 build/default/production/mcc_generated_files/application_manager.o
                0x000000000080291b                mqttSubscribeTopic
                0x000000000080297f                retValCryptoClientSerialNumber
                0x0000000000802980                buffer
 COMMON         0x0000000000802d80        0x6 c:/program files/microchip/xc8/v2.31/avr/bin/../lib/gcc/avr/5.4.0/../../../../avr/lib/avrxmega3\libc.a(iob.o)
                0x0000000000802d80                __iob
 COMMON         0x0000000000802d86        0x4 c:/program files/microchip/xc8/v2.31/avr/bin/../lib/gcc/avr/5.4.0/../../../../avr/lib/avrxmega3\libc.a(system_time.o)
                0x0000000000802d86                __system_time
 COMMON         0x0000000000802d8a        0x4 c:/program files/microchip/xc8/v2.31/avr/bin/../lib/gcc/avr/5.4.0/../../../../avr/lib/avrxmega3\libc.a(utc_offset.o)
                0x0000000000802d8a                __utc_offset
 COMMON         0x0000000000802d8e       0x1a c:/program files/microchip/xc8/v2.31/avr/bin/../lib/gcc/avr/5.4.0/../../../../avr/lib/avrxmega3\libc.a(asc_store.o)
                0x0000000000802d8e                __store
 COMMON         0x0000000000802da8        0x2 c:/program files/microchip/xc8/v2.31/avr/bin/../lib/gcc/avr/5.4.0/../../../../avr/lib/avrxmega3\libc.a(dst_pointer.o)
                0x0000000000802da8                __dst_ptr
                [!provide]                        PROVIDE (__bss_end, .)
                0x0000000000000186                __data_load_start = LOADADDR (.data)
                0x0000000000000186                __data_load_end = (__data_load_start + SIZEOF (.data))

.noinit         0x0000000000802daa        0x0
                [!provide]                        PROVIDE (__noinit_start, .)
 *(.noinit*)
                [!provide]                        PROVIDE (__noinit_end, .)
                0x0000000000802daa                _end = .

.eeprom         0x0000000000810000        0x0
 *(.eeprom*)
                0x0000000000810000                __eeprom_end = .

.fuse           0x0000000000820000        0x9
 *(.fuse)
 .fuse          0x0000000000820000        0x9 build/default/production/mcc_generated_files/device_config.o
                0x0000000000820000                __fuse
 *(.lfuse)
 *(.hfuse)
 *(.efuse)

.lock
 *(.lock*)

.signature
 *(.signature*)

.user_signatures
 *(.user_signatures*)

.stab
 *(.stab)

.stabstr
 *(.stabstr)

.stab.excl
 *(.stab.excl)

.stab.exclstr
 *(.stab.exclstr)

.stab.index
 *(.stab.index)

.stab.indexstr
 *(.stab.indexstr)

.comment        0x0000000000000000       0x5b
 *(.comment)
 .comment       0x0000000000000000       0x2f build/default/production/mcc_generated_files/cli/cli.o
                                         0x30 (size before relaxing)
 .comment       0x000000000000002f       0x30 build/default/production/mcc_generated_files/cloud/crypto_client/crypto_client.o
 .comment       0x000000000000002f       0x30 build/default/production/mcc_generated_files/cloud/cloud_service.o
 .comment       0x000000000000002f       0x30 build/default/production/mcc_generated_files/cloud/wifi_service.o
 .comment       0x000000000000002f       0x30 build/default/production/mcc_generated_files/cloud/mqtt_service.o
 .comment       0x000000000000002f       0x30 build/default/production/mcc_generated_files/cloud/aws_cloud_service.o
 .comment       0x000000000000002f       0x30 build/default/production/mcc_generated_files/credentials_storage/credentials_storage.o
 .comment       0x000000000000002f       0x30 build/default/production/mcc_generated_files/CryptoAuthenticationLibrary/basic/atca_basic_sign.o
 .comment       0x000000000000002f       0x30 build/default/production/mcc_generated_files/CryptoAuthenticationLibrary/basic/atca_basic.o
 .comment       0x000000000000002f       0x30 build/default/production/mcc_generated_files/CryptoAuthenticationLibrary/basic/atca_basic_lock.o
 .comment       0x000000000000002f       0x30 build/default/production/mcc_generated_files/CryptoAuthenticationLibrary/basic/atca_basic_ecdh.o
 .comment       0x000000000000002f       0x30 build/default/production/mcc_generated_files/CryptoAuthenticationLibrary/basic/atca_basic_verify.o
 .comment       0x000000000000002f       0x30 build/default/production/mcc_generated_files/CryptoAuthenticationLibrary/basic/atca_basic_genkey.o
 .comment       0x000000000000002f       0x30 build/default/production/mcc_generated_files/CryptoAuthenticationLibrary/basic/atca_basic_nonce.o
 .comment       0x000000000000002f       0x30 build/default/production/mcc_generated_files/CryptoAuthenticationLibrary/basic/atca_basic_read.o
 .comment       0x000000000000002f       0x30 build/default/production/mcc_generated_files/CryptoAuthenticationLibrary/basic/atca_basic_random.o
 .comment       0x000000000000002f       0x30 build/default/production/mcc_generated_files/CryptoAuthenticationLibrary/hal/hal_i2c_timer.o
 .comment       0x000000000000002f       0x30 build/default/production/mcc_generated_files/CryptoAuthenticationLibrary/hal/atca_i2c_hal.o
 .comment       0x000000000000002f       0x30 build/default/production/mcc_generated_files/CryptoAuthenticationLibrary/hal/atca_hal.o
 .comment       0x000000000000002f       0x30 build/default/production/mcc_generated_files/CryptoAuthenticationLibrary/atca_command.o
 .comment       0x000000000000002f       0x30 build/default/production/mcc_generated_files/CryptoAuthenticationLibrary/atca_device.o
 .comment       0x000000000000002f       0x30 build/default/production/mcc_generated_files/CryptoAuthenticationLibrary/atca_execution.o
 .comment       0x000000000000002f       0x30 build/default/production/mcc_generated_files/CryptoAuthenticationLibrary/atca_iface.o
 .comment       0x000000000000002f       0x30 build/default/production/mcc_generated_files/drivers/timeout.o
 .comment       0x000000000000002f       0x30 build/default/production/mcc_generated_files/drivers/uart.o
 .comment       0x000000000000002f       0x30 build/default/production/mcc_generated_files/drivers/spi_master.o
 .comment       0x000000000000002f       0x30 build/default/production/mcc_generated_files/drivers/i2c_simple_master.o
 .comment       0x000000000000002f       0x30 build/default/production/mcc_generated_files/mqtt/mqtt_comm_bsd/mqtt_comm_layer.o
 .comment       0x000000000000002f       0x30 build/default/production/mcc_generated_files/mqtt/mqtt_core/mqtt_core.o
 .comment       0x000000000000002f       0x30 build/default/production/mcc_generated_files/mqtt/mqtt_exchange_buffer/mqtt_exchange_buffer.o
 .comment       0x000000000000002f       0x30 build/default/production/mcc_generated_files/mqtt/mqtt_winc_adapter.o
 .comment       0x000000000000002f       0x30 build/default/production/mcc_generated_files/mqtt/mqtt_packetTransfer_interface.o
 .comment       0x000000000000002f       0x30 build/default/production/mcc_generated_files/src/twi0_master.o
 .comment       0x000000000000002f       0x30 build/default/production/mcc_generated_files/src/adc0.o
 .comment       0x000000000000002f       0x30 build/default/production/mcc_generated_files/src/usart2.o
 .comment       0x000000000000002f       0x30 build/default/production/mcc_generated_files/src/cpuint.o
 .comment       0x000000000000002f       0x30 build/default/production/mcc_generated_files/src/pin_manager.o
 .comment       0x000000000000002f       0x30 build/default/production/mcc_generated_files/src/rtc.o
 .comment       0x000000000000002f       0x30 build/default/production/mcc_generated_files/src/spi0.o
 .comment       0x000000000000002f       0x30 build/default/production/mcc_generated_files/winc/driver/winc_asic.o
 .comment       0x000000000000002f       0x30 build/default/production/mcc_generated_files/winc/driver/winc_hif.o
 .comment       0x000000000000002f       0x30 build/default/production/mcc_generated_files/winc/driver/winc_spi.o
 .comment       0x000000000000002f       0x30 build/default/production/mcc_generated_files/winc/driver/winc_adapter.o
 .comment       0x000000000000002f       0x30 build/default/production/mcc_generated_files/winc/driver/winc_drv.o
 .comment       0x000000000000002f       0x30 build/default/production/mcc_generated_files/winc/m2m/m2m_fwinfo.o
 .comment       0x000000000000002f       0x30 build/default/production/mcc_generated_files/winc/m2m/m2m_ssl.o
 .comment       0x000000000000002f       0x30 build/default/production/mcc_generated_files/winc/m2m/m2m_wifi.o
 .comment       0x000000000000002f       0x30 build/default/production/mcc_generated_files/winc/socket/socket.o
 .comment       0x000000000000002f       0x30 build/default/production/mcc_generated_files/winc/spi_flash/spi_flash.o
 .comment       0x000000000000002f       0x30 build/default/production/mcc_generated_files/device_config.o
 .comment       0x000000000000002f       0x30 build/default/production/mcc_generated_files/debug_print.o
 .comment       0x000000000000002f       0x30 build/default/production/mcc_generated_files/application_manager.o
 .comment       0x000000000000002f       0x30 build/default/production/mcc_generated_files/led.o
 .comment       0x000000000000002f       0x30 build/default/production/mcc_generated_files/delay.o
 .comment       0x000000000000002f       0x30 build/default/production/mcc_generated_files/mcc.o
 .comment       0x000000000000002f       0x30 build/default/production/mcc_generated_files/CryptoAuth_init.o
 .comment       0x000000000000002f       0x30 build/default/production/mcc_generated_files/time_service.o
 .comment       0x000000000000002f       0x30 build/default/production/main.o
 .comment       0x000000000000002f       0x30 build/default/production/mcc_generated_files/src/usart1.o
 .comment       0x000000000000002f       0x2c c:/program files/microchip/xc8/v2.31/avr/bin/../lib/gcc/avr/5.4.0/../../../../avr/lib/avrxmega3\libc.a(atoi_M.o)
                                         0x2d (size before relaxing)
 .comment       0x000000000000005b       0x2d c:/program files/microchip/xc8/v2.31/avr/bin/../lib/gcc/avr/5.4.0/../../../../avr/lib/avrxmega3\libc.a(strtok.o)
 .comment       0x000000000000005b       0x2d c:/program files/microchip/xc8/v2.31/avr/bin/../lib/gcc/avr/5.4.0/../../../../avr/lib/avrxmega3\libc.a(iob.o)
 .comment       0x000000000000005b       0x2d c:/program files/microchip/xc8/v2.31/avr/bin/../lib/gcc/avr/5.4.0/../../../../avr/lib/avrxmega3\libc.a(printf.o)
 .comment       0x000000000000005b       0x2d c:/program files/microchip/xc8/v2.31/avr/bin/../lib/gcc/avr/5.4.0/../../../../avr/lib/avrxmega3\libc.a(puts.o)
 .comment       0x000000000000005b       0x2d c:/program files/microchip/xc8/v2.31/avr/bin/../lib/gcc/avr/5.4.0/../../../../avr/lib/avrxmega3\libc.a(sprintf.o)
 .comment       0x000000000000005b       0x2d c:/program files/microchip/xc8/v2.31/avr/bin/../lib/gcc/avr/5.4.0/../../../../avr/lib/avrxmega3\libc.a(vprintf.o)
 .comment       0x000000000000005b       0x2d c:/program files/microchip/xc8/v2.31/avr/bin/../lib/gcc/avr/5.4.0/../../../../avr/lib/avrxmega3\libc.a(ctime.o)
 .comment       0x000000000000005b       0x2d c:/program files/microchip/xc8/v2.31/avr/bin/../lib/gcc/avr/5.4.0/../../../../avr/lib/avrxmega3\libc.a(difftime.o)
 .comment       0x000000000000005b       0x2d c:/program files/microchip/xc8/v2.31/avr/bin/../lib/gcc/avr/5.4.0/../../../../avr/lib/avrxmega3\libc.a(localtime_r.o)
 .comment       0x000000000000005b       0x2d c:/program files/microchip/xc8/v2.31/avr/bin/../lib/gcc/avr/5.4.0/../../../../avr/lib/avrxmega3\libc.a(mktime.o)
 .comment       0x000000000000005b       0x2d c:/program files/microchip/xc8/v2.31/avr/bin/../lib/gcc/avr/5.4.0/../../../../avr/lib/avrxmega3\libc.a(set_system_time.o)
 .comment       0x000000000000005b       0x2d c:/program files/microchip/xc8/v2.31/avr/bin/../lib/gcc/avr/5.4.0/../../../../avr/lib/avrxmega3\libc.a(system_time.o)
 .comment       0x000000000000005b       0x2d c:/program files/microchip/xc8/v2.31/avr/bin/../lib/gcc/avr/5.4.0/../../../../avr/lib/avrxmega3\libc.a(utc_offset.o)
 .comment       0x000000000000005b       0x2d c:/program files/microchip/xc8/v2.31/avr/bin/../lib/gcc/avr/5.4.0/../../../../avr/lib/avrxmega3\libc.a(vfprintf_std.o)
 .comment       0x000000000000005b       0x2d c:/program files/microchip/xc8/v2.31/avr/bin/../lib/gcc/avr/5.4.0/../../../../avr/lib/avrxmega3\libc.a(fputc.o)
 .comment       0x000000000000005b       0x2d c:/program files/microchip/xc8/v2.31/avr/bin/../lib/gcc/avr/5.4.0/../../../../avr/lib/avrxmega3\libc.a(asc_store.o)
 .comment       0x000000000000005b       0x2d c:/program files/microchip/xc8/v2.31/avr/bin/../lib/gcc/avr/5.4.0/../../../../avr/lib/avrxmega3\libc.a(asctime_r.o)
 .comment       0x000000000000005b       0x2d c:/program files/microchip/xc8/v2.31/avr/bin/../lib/gcc/avr/5.4.0/../../../../avr/lib/avrxmega3\libc.a(dst_pointer.o)
 .comment       0x000000000000005b       0x2d c:/program files/microchip/xc8/v2.31/avr/bin/../lib/gcc/avr/5.4.0/../../../../avr/lib/avrxmega3\libc.a(gmtime_r.o)
 .comment       0x000000000000005b       0x2d c:/program files/microchip/xc8/v2.31/avr/bin/../lib/gcc/avr/5.4.0/../../../../avr/lib/avrxmega3\libc.a(mk_gmtime.o)
 .comment       0x000000000000005b       0x2d c:/program files/microchip/xc8/v2.31/avr/bin/../lib/gcc/avr/5.4.0/../../../../avr/lib/avrxmega3\libc.a(print_lz.o)
 .comment       0x000000000000005b       0x2d c:/program files/microchip/xc8/v2.31/avr/bin/../lib/gcc/avr/5.4.0/../../../../avr/lib/avrxmega3\libc.a(isLeap.o)

.note.gnu.build-id
 *(.note.gnu.build-id)

.debug
 *(.debug)

.line
 *(.line)

.debug_srcinfo
 *(.debug_srcinfo)

.debug_sfnames
 *(.debug_sfnames)

.debug_aranges  0x0000000000000000     0x1b68
 *(.debug_aranges)
 .debug_aranges
                0x0000000000000000       0x70 build/default/production/mcc_generated_files/cli/cli.o
 .debug_aranges
                0x0000000000000070       0x58 build/default/production/mcc_generated_files/cloud/crypto_client/crypto_client.o
 .debug_aranges
                0x00000000000000c8       0x68 build/default/production/mcc_generated_files/cloud/cloud_service.o
 .debug_aranges
                0x0000000000000130       0x78 build/default/production/mcc_generated_files/cloud/wifi_service.o
 .debug_aranges
                0x00000000000001a8       0x50 build/default/production/mcc_generated_files/cloud/mqtt_service.o
 .debug_aranges
                0x00000000000001f8       0x60 build/default/production/mcc_generated_files/cloud/aws_cloud_service.o
 .debug_aranges
                0x0000000000000258       0x20 build/default/production/mcc_generated_files/credentials_storage/credentials_storage.o
 .debug_aranges
                0x0000000000000278       0x30 build/default/production/mcc_generated_files/CryptoAuthenticationLibrary/basic/atca_basic_sign.o
 .debug_aranges
                0x00000000000002a8       0x80 build/default/production/mcc_generated_files/CryptoAuthenticationLibrary/basic/atca_basic.o
 .debug_aranges
                0x0000000000000328       0x48 build/default/production/mcc_generated_files/CryptoAuthenticationLibrary/basic/atca_basic_lock.o
 .debug_aranges
                0x0000000000000370       0x48 build/default/production/mcc_generated_files/CryptoAuthenticationLibrary/basic/atca_basic_ecdh.o
 .debug_aranges
                0x00000000000003b8       0x58 build/default/production/mcc_generated_files/CryptoAuthenticationLibrary/basic/atca_basic_verify.o
 .debug_aranges
                0x0000000000000410       0x30 build/default/production/mcc_generated_files/CryptoAuthenticationLibrary/basic/atca_basic_genkey.o
 .debug_aranges
                0x0000000000000440       0x48 build/default/production/mcc_generated_files/CryptoAuthenticationLibrary/basic/atca_basic_nonce.o
 .debug_aranges
                0x0000000000000488       0x68 build/default/production/mcc_generated_files/CryptoAuthenticationLibrary/basic/atca_basic_read.o
 .debug_aranges
                0x00000000000004f0       0x20 build/default/production/mcc_generated_files/CryptoAuthenticationLibrary/basic/atca_basic_random.o
 .debug_aranges
                0x0000000000000510       0x28 build/default/production/mcc_generated_files/CryptoAuthenticationLibrary/hal/hal_i2c_timer.o
 .debug_aranges
                0x0000000000000538       0x68 build/default/production/mcc_generated_files/CryptoAuthenticationLibrary/hal/atca_i2c_hal.o
 .debug_aranges
                0x00000000000005a0       0x30 build/default/production/mcc_generated_files/CryptoAuthenticationLibrary/hal/atca_hal.o
 .debug_aranges
                0x00000000000005d0      0x110 build/default/production/mcc_generated_files/CryptoAuthenticationLibrary/atca_command.o
 .debug_aranges
                0x00000000000006e0       0x38 build/default/production/mcc_generated_files/CryptoAuthenticationLibrary/atca_device.o
 .debug_aranges
                0x0000000000000718       0x28 build/default/production/mcc_generated_files/CryptoAuthenticationLibrary/atca_execution.o
 .debug_aranges
                0x0000000000000740       0x70 build/default/production/mcc_generated_files/CryptoAuthenticationLibrary/atca_iface.o
 .debug_aranges
                0x00000000000007b0       0xc0 build/default/production/mcc_generated_files/drivers/timeout.o
 .debug_aranges
                0x0000000000000870       0x18 build/default/production/mcc_generated_files/drivers/uart.o
 .debug_aranges
                0x0000000000000888       0x28 build/default/production/mcc_generated_files/drivers/spi_master.o
 .debug_aranges
                0x00000000000008b0       0x78 build/default/production/mcc_generated_files/drivers/i2c_simple_master.o
 .debug_aranges
                0x0000000000000928       0x48 build/default/production/mcc_generated_files/mqtt/mqtt_comm_bsd/mqtt_comm_layer.o
 .debug_aranges
                0x0000000000000970       0xb0 build/default/production/mcc_generated_files/mqtt/mqtt_core/mqtt_core.o
 .debug_aranges
                0x0000000000000a20       0x38 build/default/production/mcc_generated_files/mqtt/mqtt_exchange_buffer/mqtt_exchange_buffer.o
 .debug_aranges
                0x0000000000000a58       0xe0 build/default/production/mcc_generated_files/mqtt/mqtt_winc_adapter.o
 .debug_aranges
                0x0000000000000b38       0x28 build/default/production/mcc_generated_files/mqtt/mqtt_packetTransfer_interface.o
 .debug_aranges
                0x0000000000000b60       0x20 build/default/production/mcc_generated_files/src/protected_io.o
 .debug_aranges
                0x0000000000000b80      0x1f8 build/default/production/mcc_generated_files/src/twi0_master.o
 .debug_aranges
                0x0000000000000d78       0xa8 build/default/production/mcc_generated_files/src/adc0.o
 .debug_aranges
                0x0000000000000e20       0xc0 build/default/production/mcc_generated_files/src/usart2.o
 .debug_aranges
                0x0000000000000ee0       0x20 build/default/production/mcc_generated_files/src/cpuint.o
 .debug_aranges
                0x0000000000000f00      0x190 build/default/production/mcc_generated_files/src/pin_manager.o
 .debug_aranges
                0x0000000000001090       0xa8 build/default/production/mcc_generated_files/src/rtc.o
 .debug_aranges
                0x0000000000001138       0x98 build/default/production/mcc_generated_files/src/spi0.o
 .debug_aranges
                0x00000000000011d0       0x68 build/default/production/mcc_generated_files/winc/driver/winc_asic.o
 .debug_aranges
                0x0000000000001238       0x68 build/default/production/mcc_generated_files/winc/driver/winc_hif.o
 .debug_aranges
                0x00000000000012a0       0x98 build/default/production/mcc_generated_files/winc/driver/winc_spi.o
 .debug_aranges
                0x0000000000001338       0x88 build/default/production/mcc_generated_files/winc/driver/winc_adapter.o
 .debug_aranges
                0x00000000000013c0       0x30 build/default/production/mcc_generated_files/winc/driver/winc_drv.o
 .debug_aranges
                0x00000000000013f0       0x28 build/default/production/mcc_generated_files/winc/m2m/m2m_fwinfo.o
 .debug_aranges
                0x0000000000001418       0x60 build/default/production/mcc_generated_files/winc/m2m/m2m_ssl.o
 .debug_aranges
                0x0000000000001478      0x248 build/default/production/mcc_generated_files/winc/m2m/m2m_wifi.o
 .debug_aranges
                0x00000000000016c0       0xd8 build/default/production/mcc_generated_files/winc/socket/socket.o
 .debug_aranges
                0x0000000000001798       0x60 build/default/production/mcc_generated_files/winc/spi_flash/spi_flash.o
 .debug_aranges
                0x00000000000017f8       0x18 build/default/production/mcc_generated_files/device_config.o
 .debug_aranges
                0x0000000000001810       0x38 build/default/production/mcc_generated_files/debug_print.o
 .debug_aranges
                0x0000000000001848      0x120 build/default/production/mcc_generated_files/application_manager.o
 .debug_aranges
                0x0000000000001968       0x68 build/default/production/mcc_generated_files/led.o
 .debug_aranges
                0x00000000000019d0       0x28 build/default/production/mcc_generated_files/delay.o
 .debug_aranges
                0x00000000000019f8       0x48 build/default/production/mcc_generated_files/mcc.o
 .debug_aranges
                0x0000000000001a40       0x20 build/default/production/mcc_generated_files/CryptoAuth_init.o
 .debug_aranges
                0x0000000000001a60       0x70 build/default/production/mcc_generated_files/time_service.o
 .debug_aranges
                0x0000000000001ad0       0x20 build/default/production/main.o
 .debug_aranges
                0x0000000000001af0       0x78 build/default/production/mcc_generated_files/src/usart1.o

.debug_pubnames
 *(.debug_pubnames)

.debug_info     0x0000000000000000    0x3e82d
 *(.debug_info .gnu.linkonce.wi.*)
 .debug_info    0x0000000000000000     0x229c C:/Program Files/Microchip/MPLABX/v5.45/packs/Microchip/ATmega_DFP/2.2.108/xc8/avr/lib/avrxmega3/crtatmega4808.o
 .debug_info    0x000000000000229c     0x12f6 build/default/production/mcc_generated_files/cli/cli.o
 .debug_info    0x0000000000003592     0x1981 build/default/production/mcc_generated_files/cloud/crypto_client/crypto_client.o
 .debug_info    0x0000000000004f13     0x16ad build/default/production/mcc_generated_files/cloud/cloud_service.o
 .debug_info    0x00000000000065c0     0x1c82 build/default/production/mcc_generated_files/cloud/wifi_service.o
 .debug_info    0x0000000000008242      0xd64 build/default/production/mcc_generated_files/cloud/mqtt_service.o
 .debug_info    0x0000000000008fa6     0x149f build/default/production/mcc_generated_files/cloud/aws_cloud_service.o
 .debug_info    0x000000000000a445      0x352 build/default/production/mcc_generated_files/credentials_storage/credentials_storage.o
 .debug_info    0x000000000000a797      0xf9b build/default/production/mcc_generated_files/CryptoAuthenticationLibrary/basic/atca_basic_sign.o
 .debug_info    0x000000000000b732     0x1265 build/default/production/mcc_generated_files/CryptoAuthenticationLibrary/basic/atca_basic.o
 .debug_info    0x000000000000c997      0xf4f build/default/production/mcc_generated_files/CryptoAuthenticationLibrary/basic/atca_basic_lock.o
 .debug_info    0x000000000000d8e6     0x12ad build/default/production/mcc_generated_files/CryptoAuthenticationLibrary/basic/atca_basic_ecdh.o
 .debug_info    0x000000000000eb93     0x1725 build/default/production/mcc_generated_files/CryptoAuthenticationLibrary/basic/atca_basic_verify.o
 .debug_info    0x00000000000102b8      0xed2 build/default/production/mcc_generated_files/CryptoAuthenticationLibrary/basic/atca_basic_genkey.o
 .debug_info    0x000000000001118a     0x1068 build/default/production/mcc_generated_files/CryptoAuthenticationLibrary/basic/atca_basic_nonce.o
 .debug_info    0x00000000000121f2     0x1c77 build/default/production/mcc_generated_files/CryptoAuthenticationLibrary/basic/atca_basic_read.o
 .debug_info    0x0000000000013e69      0xda4 build/default/production/mcc_generated_files/CryptoAuthenticationLibrary/basic/atca_basic_random.o
 .debug_info    0x0000000000014c0d      0x3c2 build/default/production/mcc_generated_files/CryptoAuthenticationLibrary/hal/hal_i2c_timer.o
 .debug_info    0x0000000000014fcf     0x106c build/default/production/mcc_generated_files/CryptoAuthenticationLibrary/hal/atca_i2c_hal.o
 .debug_info    0x000000000001603b      0xdf4 build/default/production/mcc_generated_files/CryptoAuthenticationLibrary/hal/atca_hal.o
 .debug_info    0x0000000000016e2f     0x127d build/default/production/mcc_generated_files/CryptoAuthenticationLibrary/atca_command.o
 .debug_info    0x00000000000180ac      0xd7d build/default/production/mcc_generated_files/CryptoAuthenticationLibrary/atca_device.o
 .debug_info    0x0000000000018e29     0x108e build/default/production/mcc_generated_files/CryptoAuthenticationLibrary/atca_execution.o
 .debug_info    0x0000000000019eb7     0x107d build/default/production/mcc_generated_files/CryptoAuthenticationLibrary/atca_iface.o
 .debug_info    0x000000000001af34      0xeab build/default/production/mcc_generated_files/drivers/timeout.o
 .debug_info    0x000000000001bddf      0x3aa build/default/production/mcc_generated_files/drivers/uart.o
 .debug_info    0x000000000001c189      0x4de build/default/production/mcc_generated_files/drivers/spi_master.o
 .debug_info    0x000000000001c667      0xc3b build/default/production/mcc_generated_files/drivers/i2c_simple_master.o
 .debug_info    0x000000000001d2a2      0x639 build/default/production/mcc_generated_files/mqtt/mqtt_comm_bsd/mqtt_comm_layer.o
 .debug_info    0x000000000001d8db     0x31b1 build/default/production/mcc_generated_files/mqtt/mqtt_core/mqtt_core.o
 .debug_info    0x0000000000020a8c      0x4be build/default/production/mcc_generated_files/mqtt/mqtt_exchange_buffer/mqtt_exchange_buffer.o
 .debug_info    0x0000000000020f4a     0x2650 build/default/production/mcc_generated_files/mqtt/mqtt_winc_adapter.o
 .debug_info    0x000000000002359a      0x350 build/default/production/mcc_generated_files/mqtt/mqtt_packetTransfer_interface.o
 .debug_info    0x00000000000238ea       0x76 build/default/production/mcc_generated_files/src/protected_io.o
 .debug_info    0x0000000000023960     0x19f4 build/default/production/mcc_generated_files/src/twi0_master.o
 .debug_info    0x0000000000025354      0xb23 build/default/production/mcc_generated_files/src/adc0.o
 .debug_info    0x0000000000025e77      0xaff build/default/production/mcc_generated_files/src/usart2.o
 .debug_info    0x0000000000026976      0x3c9 build/default/production/mcc_generated_files/src/cpuint.o
 .debug_info    0x0000000000026d3f     0x1631 build/default/production/mcc_generated_files/src/pin_manager.o
 .debug_info    0x0000000000028370      0x87a build/default/production/mcc_generated_files/src/rtc.o
 .debug_info    0x0000000000028bea      0x795 build/default/production/mcc_generated_files/src/spi0.o
 .debug_info    0x000000000002937f      0xdca build/default/production/mcc_generated_files/winc/driver/winc_asic.o
 .debug_info    0x000000000002a149      0xb49 build/default/production/mcc_generated_files/winc/driver/winc_hif.o
 .debug_info    0x000000000002ac92      0xd87 build/default/production/mcc_generated_files/winc/driver/winc_spi.o
 .debug_info    0x000000000002ba19      0xa6b build/default/production/mcc_generated_files/winc/driver/winc_adapter.o
 .debug_info    0x000000000002c484      0x553 build/default/production/mcc_generated_files/winc/driver/winc_drv.o
 .debug_info    0x000000000002c9d7      0x65c build/default/production/mcc_generated_files/winc/m2m/m2m_fwinfo.o
 .debug_info    0x000000000002d033     0x104c build/default/production/mcc_generated_files/winc/m2m/m2m_ssl.o
 .debug_info    0x000000000002e07f     0x5513 build/default/production/mcc_generated_files/winc/m2m/m2m_wifi.o
 .debug_info    0x0000000000033592     0x26d3 build/default/production/mcc_generated_files/winc/socket/socket.o
 .debug_info    0x0000000000035c65     0x1564 build/default/production/mcc_generated_files/winc/spi_flash/spi_flash.o
 .debug_info    0x00000000000371c9      0x7d8 build/default/production/mcc_generated_files/device_config.o
 .debug_info    0x00000000000379a1      0x65b build/default/production/mcc_generated_files/debug_print.o
 .debug_info    0x0000000000037ffc     0x309f build/default/production/mcc_generated_files/application_manager.o
 .debug_info    0x000000000003b09b      0xc5a build/default/production/mcc_generated_files/led.o
 .debug_info    0x000000000003bcf5      0x3fb build/default/production/mcc_generated_files/delay.o
 .debug_info    0x000000000003c0f0      0xa1b build/default/production/mcc_generated_files/mcc.o
 .debug_info    0x000000000003cb0b      0xd09 build/default/production/mcc_generated_files/CryptoAuth_init.o
 .debug_info    0x000000000003d814      0x87a build/default/production/mcc_generated_files/time_service.o
 .debug_info    0x000000000003e08e      0x1e5 build/default/production/main.o
 .debug_info    0x000000000003e273      0x5ba build/default/production/mcc_generated_files/src/usart1.o

.debug_abbrev   0x0000000000000000     0x909e
 *(.debug_abbrev)
 .debug_abbrev  0x0000000000000000     0x20c2 C:/Program Files/Microchip/MPLABX/v5.45/packs/Microchip/ATmega_DFP/2.2.108/xc8/avr/lib/avrxmega3/crtatmega4808.o
 .debug_abbrev  0x00000000000020c2      0x3f9 build/default/production/mcc_generated_files/cli/cli.o
 .debug_abbrev  0x00000000000024bb      0x2cc build/default/production/mcc_generated_files/cloud/crypto_client/crypto_client.o
 .debug_abbrev  0x0000000000002787      0x3d4 build/default/production/mcc_generated_files/cloud/cloud_service.o
 .debug_abbrev  0x0000000000002b5b      0x2f8 build/default/production/mcc_generated_files/cloud/wifi_service.o
 .debug_abbrev  0x0000000000002e53      0x285 build/default/production/mcc_generated_files/cloud/mqtt_service.o
 .debug_abbrev  0x00000000000030d8      0x238 build/default/production/mcc_generated_files/cloud/aws_cloud_service.o
 .debug_abbrev  0x0000000000003310       0x69 build/default/production/mcc_generated_files/credentials_storage/credentials_storage.o
 .debug_abbrev  0x0000000000003379      0x19c build/default/production/mcc_generated_files/CryptoAuthenticationLibrary/basic/atca_basic_sign.o
 .debug_abbrev  0x0000000000003515      0x21b build/default/production/mcc_generated_files/CryptoAuthenticationLibrary/basic/atca_basic.o
 .debug_abbrev  0x0000000000003730      0x179 build/default/production/mcc_generated_files/CryptoAuthenticationLibrary/basic/atca_basic_lock.o
 .debug_abbrev  0x00000000000038a9      0x1dc build/default/production/mcc_generated_files/CryptoAuthenticationLibrary/basic/atca_basic_ecdh.o
 .debug_abbrev  0x0000000000003a85      0x23d build/default/production/mcc_generated_files/CryptoAuthenticationLibrary/basic/atca_basic_verify.o
 .debug_abbrev  0x0000000000003cc2      0x16e build/default/production/mcc_generated_files/CryptoAuthenticationLibrary/basic/atca_basic_genkey.o
 .debug_abbrev  0x0000000000003e30      0x180 build/default/production/mcc_generated_files/CryptoAuthenticationLibrary/basic/atca_basic_nonce.o
 .debug_abbrev  0x0000000000003fb0      0x2e2 build/default/production/mcc_generated_files/CryptoAuthenticationLibrary/basic/atca_basic_read.o
 .debug_abbrev  0x0000000000004292      0x158 build/default/production/mcc_generated_files/CryptoAuthenticationLibrary/basic/atca_basic_random.o
 .debug_abbrev  0x00000000000043ea      0x10d build/default/production/mcc_generated_files/CryptoAuthenticationLibrary/hal/hal_i2c_timer.o
 .debug_abbrev  0x00000000000044f7      0x190 build/default/production/mcc_generated_files/CryptoAuthenticationLibrary/hal/atca_i2c_hal.o
 .debug_abbrev  0x0000000000004687      0x18d build/default/production/mcc_generated_files/CryptoAuthenticationLibrary/hal/atca_hal.o
 .debug_abbrev  0x0000000000004814      0x1b7 build/default/production/mcc_generated_files/CryptoAuthenticationLibrary/atca_command.o
 .debug_abbrev  0x00000000000049cb      0x124 build/default/production/mcc_generated_files/CryptoAuthenticationLibrary/atca_device.o
 .debug_abbrev  0x0000000000004aef      0x1b5 build/default/production/mcc_generated_files/CryptoAuthenticationLibrary/atca_execution.o
 .debug_abbrev  0x0000000000004ca4      0x1e4 build/default/production/mcc_generated_files/CryptoAuthenticationLibrary/atca_iface.o
 .debug_abbrev  0x0000000000004e88      0x315 build/default/production/mcc_generated_files/drivers/timeout.o
 .debug_abbrev  0x000000000000519d       0x97 build/default/production/mcc_generated_files/drivers/uart.o
 .debug_abbrev  0x0000000000005234      0x126 build/default/production/mcc_generated_files/drivers/spi_master.o
 .debug_abbrev  0x000000000000535a      0x14e build/default/production/mcc_generated_files/drivers/i2c_simple_master.o
 .debug_abbrev  0x00000000000054a8      0x15c build/default/production/mcc_generated_files/mqtt/mqtt_comm_bsd/mqtt_comm_layer.o
 .debug_abbrev  0x0000000000005604      0x363 build/default/production/mcc_generated_files/mqtt/mqtt_core/mqtt_core.o
 .debug_abbrev  0x0000000000005967       0xdf build/default/production/mcc_generated_files/mqtt/mqtt_exchange_buffer/mqtt_exchange_buffer.o
 .debug_abbrev  0x0000000000005a46      0x344 build/default/production/mcc_generated_files/mqtt/mqtt_winc_adapter.o
 .debug_abbrev  0x0000000000005d8a       0x9b build/default/production/mcc_generated_files/mqtt/mqtt_packetTransfer_interface.o
 .debug_abbrev  0x0000000000005e25       0x14 build/default/production/mcc_generated_files/src/protected_io.o
 .debug_abbrev  0x0000000000005e39      0x383 build/default/production/mcc_generated_files/src/twi0_master.o
 .debug_abbrev  0x00000000000061bc      0x24c build/default/production/mcc_generated_files/src/adc0.o
 .debug_abbrev  0x0000000000006408      0x2c9 build/default/production/mcc_generated_files/src/usart2.o
 .debug_abbrev  0x00000000000066d1       0xfa build/default/production/mcc_generated_files/src/cpuint.o
 .debug_abbrev  0x00000000000067cb      0x1c8 build/default/production/mcc_generated_files/src/pin_manager.o
 .debug_abbrev  0x0000000000006993      0x164 build/default/production/mcc_generated_files/src/rtc.o
 .debug_abbrev  0x0000000000006af7      0x1c4 build/default/production/mcc_generated_files/src/spi0.o
 .debug_abbrev  0x0000000000006cbb      0x18f build/default/production/mcc_generated_files/winc/driver/winc_asic.o
 .debug_abbrev  0x0000000000006e4a      0x1da build/default/production/mcc_generated_files/winc/driver/winc_hif.o
 .debug_abbrev  0x0000000000007024      0x272 build/default/production/mcc_generated_files/winc/driver/winc_spi.o
 .debug_abbrev  0x0000000000007296      0x207 build/default/production/mcc_generated_files/winc/driver/winc_adapter.o
 .debug_abbrev  0x000000000000749d       0xac build/default/production/mcc_generated_files/winc/driver/winc_drv.o
 .debug_abbrev  0x0000000000007549      0x141 build/default/production/mcc_generated_files/winc/m2m/m2m_fwinfo.o
 .debug_abbrev  0x000000000000768a      0x24b build/default/production/mcc_generated_files/winc/m2m/m2m_ssl.o
 .debug_abbrev  0x00000000000078d5      0x389 build/default/production/mcc_generated_files/winc/m2m/m2m_wifi.o
 .debug_abbrev  0x0000000000007c5e      0x35e build/default/production/mcc_generated_files/winc/socket/socket.o
 .debug_abbrev  0x0000000000007fbc      0x1d1 build/default/production/mcc_generated_files/winc/spi_flash/spi_flash.o
 .debug_abbrev  0x000000000000818d       0x97 build/default/production/mcc_generated_files/device_config.o
 .debug_abbrev  0x0000000000008224      0x180 build/default/production/mcc_generated_files/debug_print.o
 .debug_abbrev  0x00000000000083a4      0x39f build/default/production/mcc_generated_files/application_manager.o
 .debug_abbrev  0x0000000000008743      0x225 build/default/production/mcc_generated_files/led.o
 .debug_abbrev  0x0000000000008968      0x11e build/default/production/mcc_generated_files/delay.o
 .debug_abbrev  0x0000000000008a86      0x17b build/default/production/mcc_generated_files/mcc.o
 .debug_abbrev  0x0000000000008c01      0x128 build/default/production/mcc_generated_files/CryptoAuth_init.o
 .debug_abbrev  0x0000000000008d29      0x1f7 build/default/production/mcc_generated_files/time_service.o
 .debug_abbrev  0x0000000000008f20       0x5d build/default/production/main.o
 .debug_abbrev  0x0000000000008f7d      0x121 build/default/production/mcc_generated_files/src/usart1.o

.debug_line     0x0000000000000000    0x1018c
 *(.debug_line .debug_line.* .debug_line_end)
 .debug_line    0x0000000000000000      0x16f C:/Program Files/Microchip/MPLABX/v5.45/packs/Microchip/ATmega_DFP/2.2.108/xc8/avr/lib/avrxmega3/crtatmega4808.o
 .debug_line    0x000000000000016f      0x660 build/default/production/mcc_generated_files/cli/cli.o
 .debug_line    0x00000000000007cf      0x57c build/default/production/mcc_generated_files/cloud/crypto_client/crypto_client.o
 .debug_line    0x0000000000000d4b      0x6a7 build/default/production/mcc_generated_files/cloud/cloud_service.o
 .debug_line    0x00000000000013f2      0x703 build/default/production/mcc_generated_files/cloud/wifi_service.o
 .debug_line    0x0000000000001af5      0x2f3 build/default/production/mcc_generated_files/cloud/mqtt_service.o
 .debug_line    0x0000000000001de8      0x606 build/default/production/mcc_generated_files/cloud/aws_cloud_service.o
 .debug_line    0x00000000000023ee       0xbe build/default/production/mcc_generated_files/credentials_storage/credentials_storage.o
 .debug_line    0x00000000000024ac      0x21f build/default/production/mcc_generated_files/CryptoAuthenticationLibrary/basic/atca_basic_sign.o
 .debug_line    0x00000000000026cb      0x530 build/default/production/mcc_generated_files/CryptoAuthenticationLibrary/basic/atca_basic.o
 .debug_line    0x0000000000002bfb      0x21c build/default/production/mcc_generated_files/CryptoAuthenticationLibrary/basic/atca_basic_lock.o
 .debug_line    0x0000000000002e17      0x378 build/default/production/mcc_generated_files/CryptoAuthenticationLibrary/basic/atca_basic_ecdh.o
 .debug_line    0x000000000000318f      0x531 build/default/production/mcc_generated_files/CryptoAuthenticationLibrary/basic/atca_basic_verify.o
 .debug_line    0x00000000000036c0      0x1e5 build/default/production/mcc_generated_files/CryptoAuthenticationLibrary/basic/atca_basic_genkey.o
 .debug_line    0x00000000000038a5      0x28f build/default/production/mcc_generated_files/CryptoAuthenticationLibrary/basic/atca_basic_nonce.o
 .debug_line    0x0000000000003b34      0x663 build/default/production/mcc_generated_files/CryptoAuthenticationLibrary/basic/atca_basic_read.o
 .debug_line    0x0000000000004197      0x19f build/default/production/mcc_generated_files/CryptoAuthenticationLibrary/basic/atca_basic_random.o
 .debug_line    0x0000000000004336      0x143 build/default/production/mcc_generated_files/CryptoAuthenticationLibrary/hal/hal_i2c_timer.o
 .debug_line    0x0000000000004479      0x2ec build/default/production/mcc_generated_files/CryptoAuthenticationLibrary/hal/atca_i2c_hal.o
 .debug_line    0x0000000000004765      0x1fc build/default/production/mcc_generated_files/CryptoAuthenticationLibrary/hal/atca_hal.o
 .debug_line    0x0000000000004961      0x7dd build/default/production/mcc_generated_files/CryptoAuthenticationLibrary/atca_command.o
 .debug_line    0x000000000000513e      0x19f build/default/production/mcc_generated_files/CryptoAuthenticationLibrary/atca_device.o
 .debug_line    0x00000000000052dd      0x28c build/default/production/mcc_generated_files/CryptoAuthenticationLibrary/atca_execution.o
 .debug_line    0x0000000000005569      0x2df build/default/production/mcc_generated_files/CryptoAuthenticationLibrary/atca_iface.o
 .debug_line    0x0000000000005848      0x6e6 build/default/production/mcc_generated_files/drivers/timeout.o
 .debug_line    0x0000000000005f2e       0x8b build/default/production/mcc_generated_files/drivers/uart.o
 .debug_line    0x0000000000005fb9      0x15b build/default/production/mcc_generated_files/drivers/spi_master.o
 .debug_line    0x0000000000006114      0x3ad build/default/production/mcc_generated_files/drivers/i2c_simple_master.o
 .debug_line    0x00000000000064c1      0x27c build/default/production/mcc_generated_files/mqtt/mqtt_comm_bsd/mqtt_comm_layer.o
 .debug_line    0x000000000000673d      0xb7a build/default/production/mcc_generated_files/mqtt/mqtt_core/mqtt_core.o
 .debug_line    0x00000000000072b7      0x1f0 build/default/production/mcc_generated_files/mqtt/mqtt_exchange_buffer/mqtt_exchange_buffer.o
 .debug_line    0x00000000000074a7      0x9c0 build/default/production/mcc_generated_files/mqtt/mqtt_winc_adapter.o
 .debug_line    0x0000000000007e67       0xe6 build/default/production/mcc_generated_files/mqtt/mqtt_packetTransfer_interface.o
 .debug_line    0x0000000000007f4d       0x66 build/default/production/mcc_generated_files/src/protected_io.o
 .debug_line    0x0000000000007fb3      0xb04 build/default/production/mcc_generated_files/src/twi0_master.o
 .debug_line    0x0000000000008ab7      0x35f build/default/production/mcc_generated_files/src/adc0.o
 .debug_line    0x0000000000008e16      0x44d build/default/production/mcc_generated_files/src/usart2.o
 .debug_line    0x0000000000009263      0x189 build/default/production/mcc_generated_files/src/cpuint.o
 .debug_line    0x00000000000093ec      0x6e7 build/default/production/mcc_generated_files/src/pin_manager.o
 .debug_line    0x0000000000009ad3      0x369 build/default/production/mcc_generated_files/src/rtc.o
 .debug_line    0x0000000000009e3c      0x3ac build/default/production/mcc_generated_files/src/spi0.o
 .debug_line    0x000000000000a1e8      0x3bf build/default/production/mcc_generated_files/winc/driver/winc_asic.o
 .debug_line    0x000000000000a5a7      0x3b8 build/default/production/mcc_generated_files/winc/driver/winc_hif.o
 .debug_line    0x000000000000a95f      0x5ec build/default/production/mcc_generated_files/winc/driver/winc_spi.o
 .debug_line    0x000000000000af4b      0x413 build/default/production/mcc_generated_files/winc/driver/winc_adapter.o
 .debug_line    0x000000000000b35e      0x1e0 build/default/production/mcc_generated_files/winc/driver/winc_drv.o
 .debug_line    0x000000000000b53e      0x1f1 build/default/production/mcc_generated_files/winc/m2m/m2m_fwinfo.o
 .debug_line    0x000000000000b72f      0x46b build/default/production/mcc_generated_files/winc/m2m/m2m_ssl.o
 .debug_line    0x000000000000bb9a     0x105e build/default/production/mcc_generated_files/winc/m2m/m2m_wifi.o
 .debug_line    0x000000000000cbf8      0xe97 build/default/production/mcc_generated_files/winc/socket/socket.o
 .debug_line    0x000000000000da8f      0x517 build/default/production/mcc_generated_files/winc/spi_flash/spi_flash.o
 .debug_line    0x000000000000dfa6       0xee build/default/production/mcc_generated_files/device_config.o
 .debug_line    0x000000000000e094      0x176 build/default/production/mcc_generated_files/debug_print.o
 .debug_line    0x000000000000e20a     0x10e2 build/default/production/mcc_generated_files/application_manager.o
 .debug_line    0x000000000000f2ec      0x3be build/default/production/mcc_generated_files/led.o
 .debug_line    0x000000000000f6aa      0x12d build/default/production/mcc_generated_files/delay.o
 .debug_line    0x000000000000f7d7      0x31c build/default/production/mcc_generated_files/mcc.o
 .debug_line    0x000000000000faf3      0x185 build/default/production/mcc_generated_files/CryptoAuth_init.o
 .debug_line    0x000000000000fc78      0x233 build/default/production/mcc_generated_files/time_service.o
 .debug_line    0x000000000000feab       0x71 build/default/production/main.o
 .debug_line    0x000000000000ff1c      0x270 build/default/production/mcc_generated_files/src/usart1.o

.debug_frame    0x0000000000000000     0x5678
 *(.debug_frame)
 .debug_frame   0x0000000000000000      0x1b0 build/default/production/mcc_generated_files/cli/cli.o
 .debug_frame   0x00000000000001b0      0x1f8 build/default/production/mcc_generated_files/cloud/crypto_client/crypto_client.o
 .debug_frame   0x00000000000003a8      0x2b4 build/default/production/mcc_generated_files/cloud/cloud_service.o
 .debug_frame   0x000000000000065c      0x2c0 build/default/production/mcc_generated_files/cloud/wifi_service.o
 .debug_frame   0x000000000000091c       0xf0 build/default/production/mcc_generated_files/cloud/mqtt_service.o
 .debug_frame   0x0000000000000a0c      0x13c build/default/production/mcc_generated_files/cloud/aws_cloud_service.o
 .debug_frame   0x0000000000000b48       0x24 build/default/production/mcc_generated_files/credentials_storage/credentials_storage.o
 .debug_frame   0x0000000000000b6c       0x84 build/default/production/mcc_generated_files/CryptoAuthenticationLibrary/basic/atca_basic_sign.o
 .debug_frame   0x0000000000000bf0      0x154 build/default/production/mcc_generated_files/CryptoAuthenticationLibrary/basic/atca_basic.o
 .debug_frame   0x0000000000000d44       0x88 build/default/production/mcc_generated_files/CryptoAuthenticationLibrary/basic/atca_basic_lock.o
 .debug_frame   0x0000000000000dcc      0x170 build/default/production/mcc_generated_files/CryptoAuthenticationLibrary/basic/atca_basic_ecdh.o
 .debug_frame   0x0000000000000f3c      0x218 build/default/production/mcc_generated_files/CryptoAuthenticationLibrary/basic/atca_basic_verify.o
 .debug_frame   0x0000000000001154       0x60 build/default/production/mcc_generated_files/CryptoAuthenticationLibrary/basic/atca_basic_genkey.o
 .debug_frame   0x00000000000011b4       0x9c build/default/production/mcc_generated_files/CryptoAuthenticationLibrary/basic/atca_basic_nonce.o
 .debug_frame   0x0000000000001250      0x2c0 build/default/production/mcc_generated_files/CryptoAuthenticationLibrary/basic/atca_basic_read.o
 .debug_frame   0x0000000000001510       0x40 build/default/production/mcc_generated_files/CryptoAuthenticationLibrary/basic/atca_basic_random.o
 .debug_frame   0x0000000000001550       0x34 build/default/production/mcc_generated_files/CryptoAuthenticationLibrary/hal/hal_i2c_timer.o
 .debug_frame   0x0000000000001584      0x110 build/default/production/mcc_generated_files/CryptoAuthenticationLibrary/hal/atca_i2c_hal.o
 .debug_frame   0x0000000000001694       0x60 build/default/production/mcc_generated_files/CryptoAuthenticationLibrary/hal/atca_hal.o
 .debug_frame   0x00000000000016f4      0x254 build/default/production/mcc_generated_files/CryptoAuthenticationLibrary/atca_command.o
 .debug_frame   0x0000000000001948       0x68 build/default/production/mcc_generated_files/CryptoAuthenticationLibrary/atca_device.o
 .debug_frame   0x00000000000019b0       0x74 build/default/production/mcc_generated_files/CryptoAuthenticationLibrary/atca_execution.o
 .debug_frame   0x0000000000001a24      0x11c build/default/production/mcc_generated_files/CryptoAuthenticationLibrary/atca_iface.o
 .debug_frame   0x0000000000001b40      0x2c4 build/default/production/mcc_generated_files/drivers/timeout.o
 .debug_frame   0x0000000000001e04       0x34 build/default/production/mcc_generated_files/drivers/spi_master.o
 .debug_frame   0x0000000000001e38      0x18c build/default/production/mcc_generated_files/drivers/i2c_simple_master.o
 .debug_frame   0x0000000000001fc4       0x90 build/default/production/mcc_generated_files/mqtt/mqtt_comm_bsd/mqtt_comm_layer.o
 .debug_frame   0x0000000000002054      0x230 build/default/production/mcc_generated_files/mqtt/mqtt_core/mqtt_core.o
 .debug_frame   0x0000000000002284       0xb4 build/default/production/mcc_generated_files/mqtt/mqtt_exchange_buffer/mqtt_exchange_buffer.o
 .debug_frame   0x0000000000002338      0x35c build/default/production/mcc_generated_files/mqtt/mqtt_winc_adapter.o
 .debug_frame   0x0000000000002694       0x34 build/default/production/mcc_generated_files/mqtt/mqtt_packetTransfer_interface.o
 .debug_frame   0x00000000000026c8      0x43c build/default/production/mcc_generated_files/src/twi0_master.o
 .debug_frame   0x0000000000002b04      0x18c build/default/production/mcc_generated_files/src/adc0.o
 .debug_frame   0x0000000000002c90      0x210 build/default/production/mcc_generated_files/src/usart2.o
 .debug_frame   0x0000000000002ea0       0x24 build/default/production/mcc_generated_files/src/cpuint.o
 .debug_frame   0x0000000000002ec4      0x360 build/default/production/mcc_generated_files/src/pin_manager.o
 .debug_frame   0x0000000000003224      0x1c4 build/default/production/mcc_generated_files/src/rtc.o
 .debug_frame   0x00000000000033e8      0x114 build/default/production/mcc_generated_files/src/spi0.o
 .debug_frame   0x00000000000034fc      0x1a0 build/default/production/mcc_generated_files/winc/driver/winc_asic.o
 .debug_frame   0x000000000000369c      0x174 build/default/production/mcc_generated_files/winc/driver/winc_hif.o
 .debug_frame   0x0000000000003810      0x2b4 build/default/production/mcc_generated_files/winc/driver/winc_spi.o
 .debug_frame   0x0000000000003ac4      0x170 build/default/production/mcc_generated_files/winc/driver/winc_adapter.o
 .debug_frame   0x0000000000003c34       0x58 build/default/production/mcc_generated_files/winc/driver/winc_drv.o
 .debug_frame   0x0000000000003c8c       0x54 build/default/production/mcc_generated_files/winc/m2m/m2m_fwinfo.o
 .debug_frame   0x0000000000003ce0      0x190 build/default/production/mcc_generated_files/winc/m2m/m2m_ssl.o
 .debug_frame   0x0000000000003e70      0x82c build/default/production/mcc_generated_files/winc/m2m/m2m_wifi.o
 .debug_frame   0x000000000000469c      0x398 build/default/production/mcc_generated_files/winc/socket/socket.o
 .debug_frame   0x0000000000004a34      0x26c build/default/production/mcc_generated_files/winc/spi_flash/spi_flash.o
 .debug_frame   0x0000000000004ca0       0x64 build/default/production/mcc_generated_files/debug_print.o
 .debug_frame   0x0000000000004d04      0x5fc build/default/production/mcc_generated_files/application_manager.o
 .debug_frame   0x0000000000005300       0xc0 build/default/production/mcc_generated_files/led.o
 .debug_frame   0x00000000000053c0       0x34 build/default/production/mcc_generated_files/delay.o
 .debug_frame   0x00000000000053f4       0x84 build/default/production/mcc_generated_files/mcc.o
 .debug_frame   0x0000000000005478       0x24 build/default/production/mcc_generated_files/CryptoAuth_init.o
 .debug_frame   0x000000000000549c       0xe4 build/default/production/mcc_generated_files/time_service.o
 .debug_frame   0x0000000000005580       0x24 build/default/production/main.o
 .debug_frame   0x00000000000055a4       0xd4 build/default/production/mcc_generated_files/src/usart1.o

.debug_str      0x0000000000000000     0x2cfd
 *(.debug_str)
 .debug_str     0x0000000000000000      0xecd C:/Program Files/Microchip/MPLABX/v5.45/packs/Microchip/ATmega_DFP/2.2.108/xc8/avr/lib/avrxmega3/crtatmega4808.o
 .debug_str     0x0000000000000ecd       0x97 build/default/production/mcc_generated_files/cli/cli.o
 .debug_str     0x0000000000000f64      0x153 build/default/production/mcc_generated_files/cloud/crypto_client/crypto_client.o
 .debug_str     0x00000000000010b7      0x12f build/default/production/mcc_generated_files/cloud/cloud_service.o
 .debug_str     0x00000000000011e6      0x169 build/default/production/mcc_generated_files/cloud/wifi_service.o
 .debug_str     0x000000000000134f       0xe7 build/default/production/mcc_generated_files/cloud/mqtt_service.o
 .debug_str     0x0000000000001436      0x1a2 build/default/production/mcc_generated_files/cloud/aws_cloud_service.o
 .debug_str     0x00000000000015d8        0x0 build/default/production/mcc_generated_files/credentials_storage/credentials_storage.o
 .debug_str     0x00000000000015d8       0x4b build/default/production/mcc_generated_files/CryptoAuthenticationLibrary/basic/atca_basic_sign.o
 .debug_str     0x0000000000001623       0x9d build/default/production/mcc_generated_files/CryptoAuthenticationLibrary/basic/atca_basic.o
 .debug_str     0x00000000000016c0       0x21 build/default/production/mcc_generated_files/CryptoAuthenticationLibrary/basic/atca_basic_lock.o
 .debug_str     0x00000000000016e1       0x6d build/default/production/mcc_generated_files/CryptoAuthenticationLibrary/basic/atca_basic_ecdh.o
 .debug_str     0x000000000000174e       0xb7 build/default/production/mcc_generated_files/CryptoAuthenticationLibrary/basic/atca_basic_verify.o
 .debug_str     0x0000000000001805       0x30 build/default/production/mcc_generated_files/CryptoAuthenticationLibrary/basic/atca_basic_genkey.o
 .debug_str     0x0000000000001835       0x25 build/default/production/mcc_generated_files/CryptoAuthenticationLibrary/basic/atca_basic_nonce.o
 .debug_str     0x000000000000185a       0xd2 build/default/production/mcc_generated_files/CryptoAuthenticationLibrary/basic/atca_basic_read.o
 .debug_str     0x000000000000192c       0x1e build/default/production/mcc_generated_files/CryptoAuthenticationLibrary/basic/atca_basic_random.o
 .debug_str     0x000000000000194a       0x26 build/default/production/mcc_generated_files/CryptoAuthenticationLibrary/hal/hal_i2c_timer.o
 .debug_str     0x0000000000001970       0x59 build/default/production/mcc_generated_files/CryptoAuthenticationLibrary/hal/atca_i2c_hal.o
 .debug_str     0x00000000000019c9       0x4f build/default/production/mcc_generated_files/CryptoAuthenticationLibrary/hal/atca_hal.o
 .debug_str     0x0000000000001a18       0x1a build/default/production/mcc_generated_files/CryptoAuthenticationLibrary/atca_command.o
 .debug_str     0x0000000000001a32       0x2f build/default/production/mcc_generated_files/CryptoAuthenticationLibrary/atca_device.o
 .debug_str     0x0000000000001a61       0x5f build/default/production/mcc_generated_files/CryptoAuthenticationLibrary/atca_execution.o
 .debug_str     0x0000000000001ac0       0x7d build/default/production/mcc_generated_files/CryptoAuthenticationLibrary/atca_iface.o
 .debug_str     0x0000000000001b3d       0xaa build/default/production/mcc_generated_files/drivers/timeout.o
 .debug_str     0x0000000000001be7        0x0 build/default/production/mcc_generated_files/drivers/uart.o
 .debug_str     0x0000000000001be7       0x17 build/default/production/mcc_generated_files/drivers/spi_master.o
 .debug_str     0x0000000000001bfe       0x8b build/default/production/mcc_generated_files/drivers/i2c_simple_master.o
 .debug_str     0x0000000000001c89       0x67 build/default/production/mcc_generated_files/mqtt/mqtt_comm_bsd/mqtt_comm_layer.o
 .debug_str     0x0000000000001cf0      0x14a build/default/production/mcc_generated_files/mqtt/mqtt_core/mqtt_core.o
 .debug_str     0x0000000000001e3a        0xe build/default/production/mcc_generated_files/mqtt/mqtt_exchange_buffer/mqtt_exchange_buffer.o
 .debug_str     0x0000000000001e48       0x58 build/default/production/mcc_generated_files/mqtt/mqtt_winc_adapter.o
 .debug_str     0x0000000000001ea0        0x0 build/default/production/mcc_generated_files/mqtt/mqtt_packetTransfer_interface.o
 .debug_str     0x0000000000001ea0        0xf build/default/production/mcc_generated_files/src/twi0_master.o
 .debug_str     0x0000000000001eaf        0x8 build/default/production/mcc_generated_files/src/adc0.o
 .debug_str     0x0000000000001eb7        0x0 build/default/production/mcc_generated_files/src/usart2.o
 .debug_str     0x0000000000001eb7       0x13 build/default/production/mcc_generated_files/src/cpuint.o
 .debug_str     0x0000000000001eca       0x25 build/default/production/mcc_generated_files/src/pin_manager.o
 .debug_str     0x0000000000001eef        0x9 build/default/production/mcc_generated_files/src/rtc.o
 .debug_str     0x0000000000001ef8       0x17 build/default/production/mcc_generated_files/src/spi0.o
 .debug_str     0x0000000000001f0f       0xee build/default/production/mcc_generated_files/winc/driver/winc_asic.o
 .debug_str     0x0000000000001ffd      0x123 build/default/production/mcc_generated_files/winc/driver/winc_hif.o
 .debug_str     0x0000000000002120       0x72 build/default/production/mcc_generated_files/winc/driver/winc_spi.o
 .debug_str     0x0000000000002192       0x3a build/default/production/mcc_generated_files/winc/driver/winc_adapter.o
 .debug_str     0x00000000000021cc      0x129 build/default/production/mcc_generated_files/winc/driver/winc_drv.o
 .debug_str     0x00000000000022f5       0x2f build/default/production/mcc_generated_files/winc/m2m/m2m_fwinfo.o
 .debug_str     0x0000000000002324       0x49 build/default/production/mcc_generated_files/winc/m2m/m2m_ssl.o
 .debug_str     0x000000000000236d      0x401 build/default/production/mcc_generated_files/winc/m2m/m2m_wifi.o
 .debug_str     0x000000000000276e      0x163 build/default/production/mcc_generated_files/winc/socket/socket.o
 .debug_str     0x00000000000028d1       0xbd build/default/production/mcc_generated_files/winc/spi_flash/spi_flash.o
 .debug_str     0x000000000000298e        0x0 build/default/production/mcc_generated_files/device_config.o
 .debug_str     0x000000000000298e        0x0 build/default/production/mcc_generated_files/debug_print.o
 .debug_str     0x000000000000298e      0x1c2 build/default/production/mcc_generated_files/application_manager.o
 .debug_str     0x0000000000002b50       0x34 build/default/production/mcc_generated_files/led.o
 .debug_str     0x0000000000002b84       0x26 build/default/production/mcc_generated_files/delay.o
 .debug_str     0x0000000000002baa       0xde build/default/production/mcc_generated_files/mcc.o
 .debug_str     0x0000000000002c88       0x20 build/default/production/mcc_generated_files/CryptoAuth_init.o
 .debug_str     0x0000000000002ca8       0x37 build/default/production/mcc_generated_files/time_service.o
 .debug_str     0x0000000000002cdf       0x1e build/default/production/main.o
 .debug_str     0x0000000000002cfd        0x0 build/default/production/mcc_generated_files/src/usart1.o

.debug_loc      0x0000000000000000    0x11f72
 *(.debug_loc)
 .debug_loc     0x0000000000000000      0x3b0 build/default/production/mcc_generated_files/cli/cli.o
 .debug_loc     0x00000000000003b0      0x521 build/default/production/mcc_generated_files/cloud/crypto_client/crypto_client.o
 .debug_loc     0x00000000000008d1      0x20b build/default/production/mcc_generated_files/cloud/cloud_service.o
 .debug_loc     0x0000000000000adc      0x21c build/default/production/mcc_generated_files/cloud/wifi_service.o
 .debug_loc     0x0000000000000cf8      0x1a4 build/default/production/mcc_generated_files/cloud/mqtt_service.o
 .debug_loc     0x0000000000000e9c      0x2e4 build/default/production/mcc_generated_files/cloud/aws_cloud_service.o
 .debug_loc     0x0000000000001180      0x322 build/default/production/mcc_generated_files/CryptoAuthenticationLibrary/basic/atca_basic_sign.o
 .debug_loc     0x00000000000014a2      0x461 build/default/production/mcc_generated_files/CryptoAuthenticationLibrary/basic/atca_basic.o
 .debug_loc     0x0000000000001903      0x136 build/default/production/mcc_generated_files/CryptoAuthenticationLibrary/basic/atca_basic_lock.o
 .debug_loc     0x0000000000001a39      0x55c build/default/production/mcc_generated_files/CryptoAuthenticationLibrary/basic/atca_basic_ecdh.o
 .debug_loc     0x0000000000001f95      0xfdb build/default/production/mcc_generated_files/CryptoAuthenticationLibrary/basic/atca_basic_verify.o
 .debug_loc     0x0000000000002f70      0x1d8 build/default/production/mcc_generated_files/CryptoAuthenticationLibrary/basic/atca_basic_genkey.o
 .debug_loc     0x0000000000003148      0x447 build/default/production/mcc_generated_files/CryptoAuthenticationLibrary/basic/atca_basic_nonce.o
 .debug_loc     0x000000000000358f      0xee3 build/default/production/mcc_generated_files/CryptoAuthenticationLibrary/basic/atca_basic_read.o
 .debug_loc     0x0000000000004472       0x79 build/default/production/mcc_generated_files/CryptoAuthenticationLibrary/basic/atca_basic_random.o
 .debug_loc     0x00000000000044eb       0xf2 build/default/production/mcc_generated_files/CryptoAuthenticationLibrary/hal/hal_i2c_timer.o
 .debug_loc     0x00000000000045dd      0x2f5 build/default/production/mcc_generated_files/CryptoAuthenticationLibrary/hal/atca_i2c_hal.o
 .debug_loc     0x00000000000048d2      0x1a3 build/default/production/mcc_generated_files/CryptoAuthenticationLibrary/hal/atca_hal.o
 .debug_loc     0x0000000000004a75      0xb39 build/default/production/mcc_generated_files/CryptoAuthenticationLibrary/atca_command.o
 .debug_loc     0x00000000000055ae      0x19d build/default/production/mcc_generated_files/CryptoAuthenticationLibrary/atca_device.o
 .debug_loc     0x000000000000574b      0x239 build/default/production/mcc_generated_files/CryptoAuthenticationLibrary/atca_execution.o
 .debug_loc     0x0000000000005984      0x41b build/default/production/mcc_generated_files/CryptoAuthenticationLibrary/atca_iface.o
 .debug_loc     0x0000000000005d9f      0x88c build/default/production/mcc_generated_files/drivers/timeout.o
 .debug_loc     0x000000000000662b       0x3a build/default/production/mcc_generated_files/drivers/spi_master.o
 .debug_loc     0x0000000000006665      0x512 build/default/production/mcc_generated_files/drivers/i2c_simple_master.o
 .debug_loc     0x0000000000006b77      0x11e build/default/production/mcc_generated_files/mqtt/mqtt_comm_bsd/mqtt_comm_layer.o
 .debug_loc     0x0000000000006c95      0xacc build/default/production/mcc_generated_files/mqtt/mqtt_core/mqtt_core.o
 .debug_loc     0x0000000000007761      0x30b build/default/production/mcc_generated_files/mqtt/mqtt_exchange_buffer/mqtt_exchange_buffer.o
 .debug_loc     0x0000000000007a6c     0x178a build/default/production/mcc_generated_files/mqtt/mqtt_winc_adapter.o
 .debug_loc     0x00000000000091f6      0x507 build/default/production/mcc_generated_files/src/twi0_master.o
 .debug_loc     0x00000000000096fd       0xa2 build/default/production/mcc_generated_files/src/adc0.o
 .debug_loc     0x000000000000979f      0x123 build/default/production/mcc_generated_files/src/usart2.o
 .debug_loc     0x00000000000098c2       0x2a build/default/production/mcc_generated_files/src/cpuint.o
 .debug_loc     0x00000000000098ec       0x78 build/default/production/mcc_generated_files/src/pin_manager.o
 .debug_loc     0x0000000000009964      0x27a build/default/production/mcc_generated_files/src/spi0.o
 .debug_loc     0x0000000000009bde      0x1e1 build/default/production/mcc_generated_files/winc/driver/winc_asic.o
 .debug_loc     0x0000000000009dbf      0x404 build/default/production/mcc_generated_files/winc/driver/winc_hif.o
 .debug_loc     0x000000000000a1c3      0x913 build/default/production/mcc_generated_files/winc/driver/winc_spi.o
 .debug_loc     0x000000000000aad6      0x1d3 build/default/production/mcc_generated_files/winc/driver/winc_adapter.o
 .debug_loc     0x000000000000aca9       0x9a build/default/production/mcc_generated_files/winc/driver/winc_drv.o
 .debug_loc     0x000000000000ad43      0x228 build/default/production/mcc_generated_files/winc/m2m/m2m_fwinfo.o
 .debug_loc     0x000000000000af6b      0x7c1 build/default/production/mcc_generated_files/winc/m2m/m2m_ssl.o
 .debug_loc     0x000000000000b72c     0x1e98 build/default/production/mcc_generated_files/winc/m2m/m2m_wifi.o
 .debug_loc     0x000000000000d5c4     0x2194 build/default/production/mcc_generated_files/winc/socket/socket.o
 .debug_loc     0x000000000000f758      0x732 build/default/production/mcc_generated_files/winc/spi_flash/spi_flash.o
 .debug_loc     0x000000000000fe8a       0xb8 build/default/production/mcc_generated_files/debug_print.o
 .debug_loc     0x000000000000ff42     0x165f build/default/production/mcc_generated_files/application_manager.o
 .debug_loc     0x00000000000115a1      0x5a4 build/default/production/mcc_generated_files/led.o
 .debug_loc     0x0000000000011b45      0x15e build/default/production/mcc_generated_files/delay.o
 .debug_loc     0x0000000000011ca3      0x172 build/default/production/mcc_generated_files/mcc.o
 .debug_loc     0x0000000000011e15       0x1e build/default/production/mcc_generated_files/CryptoAuth_init.o
 .debug_loc     0x0000000000011e33      0x13f build/default/production/mcc_generated_files/time_service.o

.debug_macinfo
 *(.debug_macinfo)

.debug_weaknames
 *(.debug_weaknames)

.debug_funcnames
 *(.debug_funcnames)

.debug_typenames
 *(.debug_typenames)

.debug_varnames
 *(.debug_varnames)

.debug_pubtypes
 *(.debug_pubtypes)

.debug_ranges   0x0000000000000000     0x1950
 *(.debug_ranges)
 .debug_ranges  0x0000000000000000       0x98 build/default/production/mcc_generated_files/cli/cli.o
 .debug_ranges  0x0000000000000098       0x60 build/default/production/mcc_generated_files/cloud/crypto_client/crypto_client.o
 .debug_ranges  0x00000000000000f8       0x88 build/default/production/mcc_generated_files/cloud/cloud_service.o
 .debug_ranges  0x0000000000000180       0x68 build/default/production/mcc_generated_files/cloud/wifi_service.o
 .debug_ranges  0x00000000000001e8       0x40 build/default/production/mcc_generated_files/cloud/mqtt_service.o
 .debug_ranges  0x0000000000000228       0x50 build/default/production/mcc_generated_files/cloud/aws_cloud_service.o
 .debug_ranges  0x0000000000000278       0x10 build/default/production/mcc_generated_files/credentials_storage/credentials_storage.o
 .debug_ranges  0x0000000000000288       0x20 build/default/production/mcc_generated_files/CryptoAuthenticationLibrary/basic/atca_basic_sign.o
 .debug_ranges  0x00000000000002a8       0x70 build/default/production/mcc_generated_files/CryptoAuthenticationLibrary/basic/atca_basic.o
 .debug_ranges  0x0000000000000318       0x38 build/default/production/mcc_generated_files/CryptoAuthenticationLibrary/basic/atca_basic_lock.o
 .debug_ranges  0x0000000000000350       0x38 build/default/production/mcc_generated_files/CryptoAuthenticationLibrary/basic/atca_basic_ecdh.o
 .debug_ranges  0x0000000000000388       0x48 build/default/production/mcc_generated_files/CryptoAuthenticationLibrary/basic/atca_basic_verify.o
 .debug_ranges  0x00000000000003d0       0x20 build/default/production/mcc_generated_files/CryptoAuthenticationLibrary/basic/atca_basic_genkey.o
 .debug_ranges  0x00000000000003f0       0x38 build/default/production/mcc_generated_files/CryptoAuthenticationLibrary/basic/atca_basic_nonce.o
 .debug_ranges  0x0000000000000428       0x58 build/default/production/mcc_generated_files/CryptoAuthenticationLibrary/basic/atca_basic_read.o
 .debug_ranges  0x0000000000000480       0x10 build/default/production/mcc_generated_files/CryptoAuthenticationLibrary/basic/atca_basic_random.o
 .debug_ranges  0x0000000000000490       0x18 build/default/production/mcc_generated_files/CryptoAuthenticationLibrary/hal/hal_i2c_timer.o
 .debug_ranges  0x00000000000004a8       0x58 build/default/production/mcc_generated_files/CryptoAuthenticationLibrary/hal/atca_i2c_hal.o
 .debug_ranges  0x0000000000000500       0x20 build/default/production/mcc_generated_files/CryptoAuthenticationLibrary/hal/atca_hal.o
 .debug_ranges  0x0000000000000520      0x100 build/default/production/mcc_generated_files/CryptoAuthenticationLibrary/atca_command.o
 .debug_ranges  0x0000000000000620       0x28 build/default/production/mcc_generated_files/CryptoAuthenticationLibrary/atca_device.o
 .debug_ranges  0x0000000000000648       0x18 build/default/production/mcc_generated_files/CryptoAuthenticationLibrary/atca_execution.o
 .debug_ranges  0x0000000000000660       0x60 build/default/production/mcc_generated_files/CryptoAuthenticationLibrary/atca_iface.o
 .debug_ranges  0x00000000000006c0       0xd0 build/default/production/mcc_generated_files/drivers/timeout.o
 .debug_ranges  0x0000000000000790       0x18 build/default/production/mcc_generated_files/drivers/spi_master.o
 .debug_ranges  0x00000000000007a8       0x68 build/default/production/mcc_generated_files/drivers/i2c_simple_master.o
 .debug_ranges  0x0000000000000810       0x38 build/default/production/mcc_generated_files/mqtt/mqtt_comm_bsd/mqtt_comm_layer.o
 .debug_ranges  0x0000000000000848       0xb8 build/default/production/mcc_generated_files/mqtt/mqtt_core/mqtt_core.o
 .debug_ranges  0x0000000000000900       0x28 build/default/production/mcc_generated_files/mqtt/mqtt_exchange_buffer/mqtt_exchange_buffer.o
 .debug_ranges  0x0000000000000928       0xe8 build/default/production/mcc_generated_files/mqtt/mqtt_winc_adapter.o
 .debug_ranges  0x0000000000000a10       0x18 build/default/production/mcc_generated_files/mqtt/mqtt_packetTransfer_interface.o
 .debug_ranges  0x0000000000000a28      0x1e8 build/default/production/mcc_generated_files/src/twi0_master.o
 .debug_ranges  0x0000000000000c10       0x98 build/default/production/mcc_generated_files/src/adc0.o
 .debug_ranges  0x0000000000000ca8       0xb0 build/default/production/mcc_generated_files/src/usart2.o
 .debug_ranges  0x0000000000000d58       0x10 build/default/production/mcc_generated_files/src/cpuint.o
 .debug_ranges  0x0000000000000d68      0x180 build/default/production/mcc_generated_files/src/pin_manager.o
 .debug_ranges  0x0000000000000ee8       0x98 build/default/production/mcc_generated_files/src/rtc.o
 .debug_ranges  0x0000000000000f80       0x88 build/default/production/mcc_generated_files/src/spi0.o
 .debug_ranges  0x0000000000001008       0x58 build/default/production/mcc_generated_files/winc/driver/winc_asic.o
 .debug_ranges  0x0000000000001060       0x58 build/default/production/mcc_generated_files/winc/driver/winc_hif.o
 .debug_ranges  0x00000000000010b8       0x88 build/default/production/mcc_generated_files/winc/driver/winc_spi.o
 .debug_ranges  0x0000000000001140       0x78 build/default/production/mcc_generated_files/winc/driver/winc_adapter.o
 .debug_ranges  0x00000000000011b8       0x20 build/default/production/mcc_generated_files/winc/driver/winc_drv.o
 .debug_ranges  0x00000000000011d8       0x18 build/default/production/mcc_generated_files/winc/m2m/m2m_fwinfo.o
 .debug_ranges  0x00000000000011f0       0x70 build/default/production/mcc_generated_files/winc/m2m/m2m_ssl.o
 .debug_ranges  0x0000000000001260      0x298 build/default/production/mcc_generated_files/winc/m2m/m2m_wifi.o
 .debug_ranges  0x00000000000014f8      0x128 build/default/production/mcc_generated_files/winc/socket/socket.o
 .debug_ranges  0x0000000000001620       0x50 build/default/production/mcc_generated_files/winc/spi_flash/spi_flash.o
 .debug_ranges  0x0000000000001670       0x28 build/default/production/mcc_generated_files/debug_print.o
 .debug_ranges  0x0000000000001698      0x128 build/default/production/mcc_generated_files/application_manager.o
 .debug_ranges  0x00000000000017c0       0x58 build/default/production/mcc_generated_files/led.o
 .debug_ranges  0x0000000000001818       0x18 build/default/production/mcc_generated_files/delay.o
 .debug_ranges  0x0000000000001830       0x38 build/default/production/mcc_generated_files/mcc.o
 .debug_ranges  0x0000000000001868       0x10 build/default/production/mcc_generated_files/CryptoAuth_init.o
 .debug_ranges  0x0000000000001878       0x60 build/default/production/mcc_generated_files/time_service.o
 .debug_ranges  0x00000000000018d8       0x10 build/default/production/main.o
 .debug_ranges  0x00000000000018e8       0x68 build/default/production/mcc_generated_files/src/usart1.o

.debug_macro
 *(.debug_macro)
OUTPUT(dist/default/production/iot-health.X.production.elf elf32-avr)
LOAD linker stubs
LOAD data_init

.note.gnu.avr.deviceinfo
                0x0000000000000000       0x40
 .note.gnu.avr.deviceinfo
                0x0000000000000000       0x40 C:/Program Files/Microchip/MPLABX/v5.45/packs/Microchip/ATmega_DFP/2.2.108/xc8/avr/lib/avrxmega3/crtatmega4808.o

.bss.test.6174  0x0000000000803615        0x1
 .bss.test.6174
                0x0000000000803615        0x1 build/default/production/mcc_generated_files/cli/cli.o

.bss.ateccsn    0x00000000008035d7        0x2
 .bss.ateccsn   0x00000000008035d7        0x2 build/default/production/mcc_generated_files/cli/cli.o

.bss.commandTooLongFlag
                0x0000000000803616        0x1
 .bss.commandTooLongFlag
                0x0000000000803616        0x1 build/default/production/mcc_generated_files/cli/cli.o

.bss.index      0x0000000000803617        0x1
 .bss.index     0x0000000000803617        0x1 build/default/production/mcc_generated_files/cli/cli.o

.bss.command    0x000000000080320b       0x64
 .bss.command   0x000000000080320b       0x64 build/default/production/mcc_generated_files/cli/cli.o

.bss.g_ecdh_key_slot_index
                0x00000000008035a3        0x4
 .bss.g_ecdh_key_slot_index
                0x00000000008035a3        0x4 build/default/production/mcc_generated_files/cloud/crypto_client/crypto_client.o

.bss.subscriptionTopicCount.5368
                0x0000000000803618        0x1
 .bss.subscriptionTopicCount.5368
                0x0000000000803618        0x1 build/default/production/mcc_generated_files/cloud/cloud_service.o

.bss.wifiConnectionStateChangedCallback
                0x00000000008035d9        0x2
 .bss.wifiConnectionStateChangedCallback
                0x00000000008035d9        0x2 build/default/production/mcc_generated_files/cloud/wifi_service.o
                0x00000000008035d9                wifiConnectionStateChangedCallback

.bss.responseFromProvisionConnect
                0x0000000000803619        0x1
 .bss.responseFromProvisionConnect
                0x0000000000803619        0x1 build/default/production/mcc_generated_files/cloud/wifi_service.o

.bss.publishRecvInfo
                0x00000000008035db        0x2
 .bss.publishRecvInfo
                0x00000000008035db        0x2 build/default/production/mcc_generated_files/cloud/mqtt_service.o

.bss._gDevice   0x00000000008035dd        0x2
 .bss._gDevice  0x00000000008035dd        0x2 build/default/production/mcc_generated_files/CryptoAuthenticationLibrary/basic/atca_basic.o
                0x00000000008035dd                _gDevice

.bss.i2c_address
                0x000000000080361a        0x1
 .bss.i2c_address
                0x000000000080361a        0x1 build/default/production/mcc_generated_files/CryptoAuthenticationLibrary/hal/atca_i2c_hal.o
                0x000000000080361a                i2c_address

.bss.isRunning  0x000000000080361b        0x1
 .bss.isRunning
                0x000000000080361b        0x1 build/default/production/mcc_generated_files/drivers/timeout.o
                0x000000000080361b                isRunning

.bss.lastTimerLoad
                0x00000000008035ab        0x4
 .bss.lastTimerLoad
                0x00000000008035ab        0x4 build/default/production/mcc_generated_files/drivers/timeout.o
                0x00000000008035ab                lastTimerLoad

.bss.absoluteTimeofLastTimeout
                0x00000000008035af        0x4
 .bss.absoluteTimeofLastTimeout
                0x00000000008035af        0x4 build/default/production/mcc_generated_files/drivers/timeout.o
                0x00000000008035af                absoluteTimeofLastTimeout

.bss.executeQueueHead
                0x00000000008035df        0x2
 .bss.executeQueueHead
                0x00000000008035df        0x2 build/default/production/mcc_generated_files/drivers/timeout.o
                0x00000000008035df                executeQueueHead

.bss.listHead   0x00000000008035e1        0x2
 .bss.listHead  0x00000000008035e1        0x2 build/default/production/mcc_generated_files/drivers/timeout.o
                0x00000000008035e1                listHead

.bss.lastSentSize
                0x00000000008035e3        0x2
 .bss.lastSentSize
                0x00000000008035e3        0x2 build/default/production/mcc_generated_files/mqtt/mqtt_comm_bsd/mqtt_comm_layer.o

.bss.mqttRxBuff
                0x0000000000802daa      0x190
 .bss.mqttRxBuff
                0x0000000000802daa      0x190 build/default/production/mcc_generated_files/mqtt/mqtt_comm_bsd/mqtt_comm_layer.o

.bss.mqttTxBuff
                0x0000000000802f3a      0x190
 .bss.mqttTxBuff
                0x0000000000802f3a      0x190 build/default/production/mcc_generated_files/mqtt/mqtt_comm_bsd/mqtt_comm_layer.o

.bss.mqttConn   0x000000000080343e       0x12